#
# There is insufficient memory for the Java Runtime Environment to continue.
# Native memory allocation (malloc) failed to allocate 32744 bytes. Error detail: Chunk::new
# Possible reasons:
#   The system is out of physical RAM or swap space
#   This process is running with CompressedOops enabled, and the Java Heap may be blocking the growth of the native heap
# Possible solutions:
#   Reduce memory load on the system
#   Increase physical memory or swap space
#   Check if swap backing store is full
#   Decrease Java heap size (-Xmx/-Xms)
#   Decrease number of Java threads
#   Decrease Java thread stack sizes (-Xss)
#   Set larger code cache with -XX:ReservedCodeCacheSize=
#   JVM is running with Zero Based Compressed Oops mode in which the Java heap is
#     placed in the first 32GB address space. The Java Heap base address is the
#     maximum limit for the native heap growth. Please use -XX:HeapBaseMinAddress
#     to set the Java Heap base and to place the Java Heap above 32GB virtual address.
# This output file may be truncated or incomplete.
#
#  Out of Memory Error (arena.cpp:168), pid=77708, tid=73488
#
# JRE version: OpenJDK Runtime Environment Temurin-21.0.9+10 (21.0.9+10) (build 21.0.9+10-LTS)
# Java VM: OpenJDK 64-Bit Server VM Temurin-21.0.9+10 (21.0.9+10-LTS, mixed mode, sharing, tiered, compressed oops, compressed class ptrs, g1 gc, windows-amd64)
# No core dump will be written. Minidumps are not enabled by default on client versions of Windows
#

---------------  S U M M A R Y ------------

Command Line: --add-opens=java.base/java.lang=ALL-UNNAMED --add-opens=java.base/java.lang.invoke=ALL-UNNAMED --add-opens=java.base/java.util=ALL-UNNAMED --add-opens=java.prefs/java.util.prefs=ALL-UNNAMED --add-exports=jdk.compiler/com.sun.tools.javac.api=ALL-UNNAMED --add-exports=jdk.compiler/com.sun.tools.javac.util=ALL-UNNAMED --add-opens=java.base/java.util=ALL-UNNAMED --add-opens=java.prefs/java.util.prefs=ALL-UNNAMED --add-opens=java.base/java.nio.charset=ALL-UNNAMED --add-opens=java.base/java.net=ALL-UNNAMED --add-opens=java.base/java.util.concurrent.atomic=ALL-UNNAMED --add-opens=java.xml/javax.xml.namespace=ALL-UNNAMED -Xmx4G -Dfile.encoding=UTF-8 -Duser.country=ES -Duser.language=es -Duser.variant -javaagent:C:\Users\nebur\.gradle\wrapper\dists\gradle-8.14-bin\38aieal9i53h9rfe7vjup95b9\gradle-8.14\lib\agents\gradle-instrumentation-agent-8.14.jar org.gradle.launcher.daemon.bootstrap.GradleDaemon 8.14

Host: AMD Ryzen 7 5800X 8-Core Processor             , 16 cores, 47G,  Windows 11 , 64 bit Build 22621 (10.0.22621.5415)
Time: Fri Mar 13 19:50:49 2026 Hora estándar romance elapsed time: 1040.521913 seconds (0d 0h 17m 20s)

---------------  T H R E A D  ---------------

Current thread (0x000001fdf55bbd10):  JavaThread "C1 CompilerThread0" daemon [_thread_in_native, id=73488, stack(0x000000afd8600000,0x000000afd8700000) (1024K)]


Current CompileTask:
C1:1040521 19378       3       java.util.stream.Nodes$FixedNodeBuilder::end (51 bytes)

Stack: [0x000000afd8600000,0x000000afd8700000]
Native frames: (J=compiled Java code, j=interpreted, Vv=VM code, C=native code)
V  [jvm.dll+0x6d6e29]
V  [jvm.dll+0x8b4b76]
V  [jvm.dll+0x8b712e]
V  [jvm.dll+0x8b7813]
V  [jvm.dll+0x283d86]
V  [jvm.dll+0xc66ed]
V  [jvm.dll+0xc6c31]
V  [jvm.dll+0xd26cd]
V  [jvm.dll+0x135bc8]
V  [jvm.dll+0x18b806]
V  [jvm.dll+0x185f92]
V  [jvm.dll+0x1803de]
V  [jvm.dll+0x16e500]
V  [jvm.dll+0x1572e7]
V  [jvm.dll+0x156c17]
V  [jvm.dll+0x156e44]
V  [jvm.dll+0x15625c]
V  [jvm.dll+0x157fed]
V  [jvm.dll+0x25b29d]
V  [jvm.dll+0x25982a]
V  [jvm.dll+0x3f7ea6]
V  [jvm.dll+0x85e9ad]
V  [jvm.dll+0x6d565d]
C  [ucrtbase.dll+0x29333]
C  [KERNEL32.DLL+0x1259d]
C  [ntdll.dll+0x5af78]


---------------  P R O C E S S  ---------------

Threads class SMR info:
_java_thread_list=0x000001fdfed414c0, length=77, elements={
0x000001fdd54a5120, 0x000001fdf55b1890, 0x000001fdf54cbc40, 0x000001fdf55b2bc0,
0x000001fdf55b4620, 0x000001fdf55b6480, 0x000001fdf55b7c80, 0x000001fdf55bb280,
0x000001fdf55bbd10, 0x000001fdf57950f0, 0x000001fdf5870cc0, 0x000001fdfb99b2d0,
0x000001fdfbad2970, 0x000001fdfbced020, 0x000001fdfbb7b770, 0x000001fdfbb7d1b0,
0x000001fdfbb7cb20, 0x000001fdfbb7aa50, 0x000001fdfbb7b0e0, 0x000001fdfd4a18b0,
0x000001fdc1c6a010, 0x000001fdc1c6c770, 0x000001fdff52edd0, 0x000001fdff530ea0,
0x000001fdc26b7db0, 0x000001fdc1c6db20, 0x000001fdc1c6e840, 0x000001fdc1c6f560,
0x000001fdc1c69980, 0x000001fdc1c6ad30, 0x000001fdc1c6ba50, 0x000001fdc1c6ce00,
0x000001fdc1c6d490, 0x000001fdc1c6e1b0, 0x000001fdc1c6c0e0, 0x000001fdc1c6eed0,
0x000001fdc1c6fbf0, 0x000001fdc3af6a40, 0x000001fdc3af9830, 0x000001fdc3af5690,
0x000001fdc3af5d20, 0x000001fdc3af70d0, 0x000001fdc3af7760, 0x000001fdc3af7df0,
0x000001fdc3af8480, 0x000001fdc3af42e0, 0x000001fdc3af91a0, 0x000001fdc3af2f30,
0x000001fdc3af63b0, 0x000001fdc3af9ec0, 0x000001fdc3afa550, 0x000001fdc3af35c0,
0x000001fdc3afabe0, 0x000001fdc3af4970, 0x000001fdc3af3c50, 0x000001fdc3afb270,
0x000001fdfe48b7a0, 0x000001fdfe490960, 0x000001fdc3afb900, 0x000001fdc3afbf90,
0x000001fdc3af5000, 0x000001fdc3afed80, 0x000001fdc3b007c0, 0x000001fdc3afe060,
0x000001fdc3b02200, 0x000001fdc3b00e50, 0x000001fdc3afccb0, 0x000001fdc3afd340,
0x000001fdc3afe6f0, 0x000001fdc3afd9d0, 0x000001fdc3aff410, 0x000001fdc3b01b70,
0x000001fdc3affaa0, 0x000001fdfe48d2e0, 0x000001fdc428b590, 0x000001fdc428f730,
0x000001fdc428cfd0
}

Java Threads: ( => current thread )
  0x000001fdd54a5120 JavaThread "main"                              [_thread_blocked, id=51600, stack(0x000000afd7700000,0x000000afd7800000) (1024K)]
  0x000001fdf55b1890 JavaThread "Reference Handler"          daemon [_thread_blocked, id=52776, stack(0x000000afd7f00000,0x000000afd8000000) (1024K)]
  0x000001fdf54cbc40 JavaThread "Finalizer"                  daemon [_thread_blocked, id=77428, stack(0x000000afd8000000,0x000000afd8100000) (1024K)]
  0x000001fdf55b2bc0 JavaThread "Signal Dispatcher"          daemon [_thread_blocked, id=78172, stack(0x000000afd8100000,0x000000afd8200000) (1024K)]
  0x000001fdf55b4620 JavaThread "Attach Listener"            daemon [_thread_blocked, id=78604, stack(0x000000afd8200000,0x000000afd8300000) (1024K)]
  0x000001fdf55b6480 JavaThread "Service Thread"             daemon [_thread_blocked, id=77920, stack(0x000000afd8300000,0x000000afd8400000) (1024K)]
  0x000001fdf55b7c80 JavaThread "Monitor Deflation Thread"   daemon [_thread_blocked, id=75432, stack(0x000000afd8400000,0x000000afd8500000) (1024K)]
  0x000001fdf55bb280 JavaThread "C2 CompilerThread0"         daemon [_thread_in_native, id=51940, stack(0x000000afd8500000,0x000000afd8600000) (1024K)]
=>0x000001fdf55bbd10 JavaThread "C1 CompilerThread0"         daemon [_thread_in_native, id=73488, stack(0x000000afd8600000,0x000000afd8700000) (1024K)]
  0x000001fdf57950f0 JavaThread "Common-Cleaner"             daemon [_thread_blocked, id=34740, stack(0x000000afd8900000,0x000000afd8a00000) (1024K)]
  0x000001fdf5870cc0 JavaThread "Notification Thread"        daemon [_thread_blocked, id=78372, stack(0x000000afd8a00000,0x000000afd8b00000) (1024K)]
  0x000001fdfb99b2d0 JavaThread "Daemon health stats"               [_thread_blocked, id=76896, stack(0x000000afd9a00000,0x000000afd9b00000) (1024K)]
  0x000001fdfbad2970 JavaThread "Incoming local TCP Connector on port 52010"        [_thread_in_native, id=71084, stack(0x000000afd9b00000,0x000000afd9c00000) (1024K)]
  0x000001fdfbced020 JavaThread "Daemon periodic checks"            [_thread_blocked, id=75876, stack(0x000000afd9c00000,0x000000afd9d00000) (1024K)]
  0x000001fdfbb7b770 JavaThread "Cache worker for journal cache (C:\Users\nebur\.gradle\caches\journal-1)"        [_thread_blocked, id=78220, stack(0x000000afda400000,0x000000afda500000) (1024K)]
  0x000001fdfbb7d1b0 JavaThread "File lock request listener"        [_thread_in_native, id=63368, stack(0x000000afda500000,0x000000afda600000) (1024K)]
  0x000001fdfbb7cb20 JavaThread "Cache worker for file hash cache (C:\Users\nebur\.gradle\caches\8.14\fileHashes)"        [_thread_blocked, id=50700, stack(0x000000afda600000,0x000000afda700000) (1024K)]
  0x000001fdfbb7aa50 JavaThread "File watcher server"        daemon [_thread_in_native, id=78616, stack(0x000000afdab00000,0x000000afdac00000) (1024K)]
  0x000001fdfbb7b0e0 JavaThread "File watcher consumer"      daemon [_thread_blocked, id=76036, stack(0x000000afdac00000,0x000000afdad00000) (1024K)]
  0x000001fdfd4a18b0 JavaThread "Cache worker for file content cache (C:\Users\nebur\.gradle\caches\8.14\fileContent)"        [_thread_blocked, id=78264, stack(0x000000afdae00000,0x000000afdaf00000) (1024K)]
  0x000001fdc1c6a010 JavaThread "Memory manager"                    [_thread_blocked, id=44692, stack(0x000000afddf00000,0x000000afde000000) (1024K)]
  0x000001fdc1c6c770 JavaThread "HttpClient-1-SelectorManager" daemon [_thread_in_native, id=76552, stack(0x000000afde000000,0x000000afde100000) (1024K)]
  0x000001fdff52edd0 JavaThread "Daemon Thread 3"                   [_thread_blocked, id=15124, stack(0x000000afd7400000,0x000000afd7500000) (1024K)]
  0x000001fdff530ea0 JavaThread "Daemon worker Thread 3"            [_thread_in_Java, id=67072, stack(0x000000afd8700000,0x000000afd8800000) (1024K)]
  0x000001fdc26b7db0 JavaThread "included builds"                   [_thread_blocked, id=44980, stack(0x000000afde400000,0x000000afde500000) (1024K)]
  0x000001fdc1c6db20 JavaThread "Exec process Thread 10"            [_thread_blocked, id=28828, stack(0x000000afe3400000,0x000000afe3500000) (1024K)]
  0x000001fdc1c6e840 JavaThread "Exec process Thread 11"            [_thread_blocked, id=95140, stack(0x000000afe3600000,0x000000afe3700000) (1024K)]
  0x000001fdc1c6f560 JavaThread "Exec process Thread 12"            [_thread_blocked, id=73692, stack(0x000000afe3700000,0x000000afe3800000) (1024K)]
  0x000001fdc1c69980 JavaThread "Exec process Thread 13"            [_thread_blocked, id=18120, stack(0x000000afe3800000,0x000000afe3900000) (1024K)]
  0x000001fdc1c6ad30 JavaThread "VFS cleanup Thread 4"              [_thread_blocked, id=46824, stack(0x000000afd8800000,0x000000afd8900000) (1024K)]
  0x000001fdc1c6ba50 JavaThread "Handler for socket connection from /127.0.0.1:52010 to /127.0.0.1:52256"        [_thread_in_native, id=36432, stack(0x000000afd7500000,0x000000afd7600000) (1024K)]
  0x000001fdc1c6ce00 JavaThread "Cancel handler"                    [_thread_blocked, id=88132, stack(0x000000afd7600000,0x000000afd7700000) (1024K)]
  0x000001fdc1c6d490 JavaThread "Asynchronous log dispatcher for DefaultDaemonConnection: socket connection from /127.0.0.1:52010 to /127.0.0.1:52256"        [_thread_blocked, id=33216, stack(0x000000afd8b00000,0x000000afd8c00000) (1024K)]
  0x000001fdc1c6e1b0 JavaThread "Stdin handler"                     [_thread_blocked, id=76232, stack(0x000000afd8c00000,0x000000afd8d00000) (1024K)]
  0x000001fdc1c6c0e0 JavaThread "Daemon client event forwarder"        [_thread_blocked, id=79812, stack(0x000000afd9900000,0x000000afd9a00000) (1024K)]
  0x000001fdc1c6eed0 JavaThread "Cache worker for file hash cache (C:\Users\nebur\Documents\GitHub\BlockPops\.gradle\8.14\fileHashes)"        [_thread_blocked, id=89464, stack(0x000000afd9d00000,0x000000afd9e00000) (1024K)]
  0x000001fdc1c6fbf0 JavaThread "Cache worker for Build Output Cleanup Cache (C:\Users\nebur\Documents\GitHub\BlockPops\.gradle\buildOutputCleanup)"        [_thread_blocked, id=65880, stack(0x000000afd9e00000,0x000000afd9f00000) (1024K)]
  0x000001fdc3af6a40 JavaThread "Cache worker for checksums cache (C:\Users\nebur\Documents\GitHub\BlockPops\.gradle\8.14\checksums)"        [_thread_blocked, id=50528, stack(0x000000afd9f00000,0x000000afda000000) (1024K)]
  0x000001fdc3af9830 JavaThread "Cache worker for cache directory md-supplier (C:\Users\nebur\.gradle\caches\8.14\md-supplier)"        [_thread_blocked, id=95364, stack(0x000000afda000000,0x000000afda100000) (1024K)]
  0x000001fdc3af5690 JavaThread "Cache worker for cache directory md-rule (C:\Users\nebur\.gradle\caches\8.14\md-rule)"        [_thread_blocked, id=10060, stack(0x000000afda100000,0x000000afda200000) (1024K)]
  0x000001fdc3af5d20 JavaThread "Unconstrained build operations"        [_thread_blocked, id=70048, stack(0x000000afda200000,0x000000afda300000) (1024K)]
  0x000001fdc3af70d0 JavaThread "Unconstrained build operations Thread 2"        [_thread_blocked, id=63524, stack(0x000000afda300000,0x000000afda400000) (1024K)]
  0x000001fdc3af7760 JavaThread "Unconstrained build operations Thread 3"        [_thread_blocked, id=53112, stack(0x000000afda900000,0x000000afdaa00000) (1024K)]
  0x000001fdc3af7df0 JavaThread "Unconstrained build operations Thread 4"        [_thread_blocked, id=12452, stack(0x000000afdaa00000,0x000000afdab00000) (1024K)]
  0x000001fdc3af8480 JavaThread "Unconstrained build operations Thread 5"        [_thread_blocked, id=47084, stack(0x000000afdad00000,0x000000afdae00000) (1024K)]
  0x000001fdc3af42e0 JavaThread "Unconstrained build operations Thread 6"        [_thread_blocked, id=93200, stack(0x000000afdaf00000,0x000000afdb000000) (1024K)]
  0x000001fdc3af91a0 JavaThread "Unconstrained build operations Thread 7"        [_thread_blocked, id=65744, stack(0x000000afdb000000,0x000000afdb100000) (1024K)]
  0x000001fdc3af2f30 JavaThread "Unconstrained build operations Thread 8"        [_thread_blocked, id=85456, stack(0x000000afdb100000,0x000000afdb200000) (1024K)]
  0x000001fdc3af63b0 JavaThread "Unconstrained build operations Thread 9"        [_thread_blocked, id=82948, stack(0x000000afdb200000,0x000000afdb300000) (1024K)]
  0x000001fdc3af9ec0 JavaThread "Unconstrained build operations Thread 10"        [_thread_blocked, id=54576, stack(0x000000afdb300000,0x000000afdb400000) (1024K)]
  0x000001fdc3afa550 JavaThread "Unconstrained build operations Thread 11"        [_thread_blocked, id=86984, stack(0x000000afdb400000,0x000000afdb500000) (1024K)]
  0x000001fdc3af35c0 JavaThread "Unconstrained build operations Thread 12"        [_thread_blocked, id=44844, stack(0x000000afdb500000,0x000000afdb600000) (1024K)]
  0x000001fdc3afabe0 JavaThread "Unconstrained build operations Thread 13"        [_thread_blocked, id=44332, stack(0x000000afdb600000,0x000000afdb700000) (1024K)]
  0x000001fdc3af4970 JavaThread "Unconstrained build operations Thread 14"        [_thread_blocked, id=29872, stack(0x000000afdb700000,0x000000afdb800000) (1024K)]
  0x000001fdc3af3c50 JavaThread "Unconstrained build operations Thread 15"        [_thread_blocked, id=7360, stack(0x000000afdb800000,0x000000afdb900000) (1024K)]
  0x000001fdc3afb270 JavaThread "Unconstrained build operations Thread 16"        [_thread_blocked, id=68976, stack(0x000000afdb900000,0x000000afdba00000) (1024K)]
  0x000001fdfe48b7a0 JavaThread "C2 CompilerThread1"         daemon [_thread_in_native, id=2604, stack(0x000000afdba00000,0x000000afdbb00000) (1024K)]
  0x000001fdfe490960 JavaThread "C2 CompilerThread2"         daemon [_thread_in_native, id=63112, stack(0x000000afdbb00000,0x000000afdbc00000) (1024K)]
  0x000001fdc3afb900 JavaThread "Unconstrained build operations Thread 17"        [_thread_blocked, id=27028, stack(0x000000afdbc00000,0x000000afdbd00000) (1024K)]
  0x000001fdc3afbf90 JavaThread "Unconstrained build operations Thread 18"        [_thread_blocked, id=57920, stack(0x000000afdbd00000,0x000000afdbe00000) (1024K)]
  0x000001fdc3af5000 JavaThread "Unconstrained build operations Thread 19"        [_thread_blocked, id=96104, stack(0x000000afdbe00000,0x000000afdbf00000) (1024K)]
  0x000001fdc3afed80 JavaThread "Unconstrained build operations Thread 20"        [_thread_blocked, id=79160, stack(0x000000afdbf00000,0x000000afdc000000) (1024K)]
  0x000001fdc3b007c0 JavaThread "Unconstrained build operations Thread 21"        [_thread_blocked, id=80816, stack(0x000000afdc000000,0x000000afdc100000) (1024K)]
  0x000001fdc3afe060 JavaThread "Unconstrained build operations Thread 22"        [_thread_blocked, id=95712, stack(0x000000afdc100000,0x000000afdc200000) (1024K)]
  0x000001fdc3b02200 JavaThread "Unconstrained build operations Thread 23"        [_thread_blocked, id=38688, stack(0x000000afdc200000,0x000000afdc300000) (1024K)]
  0x000001fdc3b00e50 JavaThread "Unconstrained build operations Thread 24"        [_thread_blocked, id=9724, stack(0x000000afdc300000,0x000000afdc400000) (1024K)]
  0x000001fdc3afccb0 JavaThread "Unconstrained build operations Thread 25"        [_thread_blocked, id=77056, stack(0x000000afdc400000,0x000000afdc500000) (1024K)]
  0x000001fdc3afd340 JavaThread "Unconstrained build operations Thread 26"        [_thread_blocked, id=31488, stack(0x000000afdc500000,0x000000afdc600000) (1024K)]
  0x000001fdc3afe6f0 JavaThread "Unconstrained build operations Thread 27"        [_thread_blocked, id=49608, stack(0x000000afdc600000,0x000000afdc700000) (1024K)]
  0x000001fdc3afd9d0 JavaThread "Unconstrained build operations Thread 28"        [_thread_blocked, id=60384, stack(0x000000afdc700000,0x000000afdc800000) (1024K)]
  0x000001fdc3aff410 JavaThread "Unconstrained build operations Thread 29"        [_thread_blocked, id=55556, stack(0x000000afdc800000,0x000000afdc900000) (1024K)]
  0x000001fdc3b01b70 JavaThread "Unconstrained build operations Thread 30"        [_thread_blocked, id=55900, stack(0x000000afdc900000,0x000000afdca00000) (1024K)]
  0x000001fdc3affaa0 JavaThread "Unconstrained build operations Thread 31"        [_thread_blocked, id=36836, stack(0x000000afdca00000,0x000000afdcb00000) (1024K)]
  0x000001fdfe48d2e0 JavaThread "C1 CompilerThread1"         daemon [_thread_in_vm, id=30360, stack(0x000000afdcb00000,0x000000afdcc00000) (1024K)]
  0x000001fdc428b590 JavaThread "Unconstrained build operations Thread 32"        [_thread_blocked, id=44088, stack(0x000000afdcc00000,0x000000afdcd00000) (1024K)]
  0x000001fdc428f730 JavaThread "Unconstrained build operations Thread 33"        [_thread_blocked, id=35152, stack(0x000000afdcd00000,0x000000afdce00000) (1024K)]
  0x000001fdc428cfd0 JavaThread "Unconstrained build operations Thread 34"        [_thread_blocked, id=56368, stack(0x000000afdce00000,0x000000afdcf00000) (1024K)]
Total: 77

Other Threads:
  0x000001fdf54b0720 VMThread "VM Thread"                           [id=38772, stack(0x000000afd7e00000,0x000000afd7f00000) (1024K)]
  0x000001fdf55acbe0 WatcherThread "VM Periodic Task Thread"        [id=46728, stack(0x000000afd7d00000,0x000000afd7e00000) (1024K)]
  0x000001fdd550cf40 WorkerThread "GC Thread#0"                     [id=32448, stack(0x000000afd7800000,0x000000afd7900000) (1024K)]
  0x000001fdfaedb2b0 WorkerThread "GC Thread#1"                     [id=78248, stack(0x000000afd8d00000,0x000000afd8e00000) (1024K)]
  0x000001fdfaedb650 WorkerThread "GC Thread#2"                     [id=77088, stack(0x000000afd8e00000,0x000000afd8f00000) (1024K)]
  0x000001fdfa45ca10 WorkerThread "GC Thread#3"                     [id=78728, stack(0x000000afd8f00000,0x000000afd9000000) (1024K)]
  0x000001fdfa45cdb0 WorkerThread "GC Thread#4"                     [id=75340, stack(0x000000afd9000000,0x000000afd9100000) (1024K)]
  0x000001fdfa45d150 WorkerThread "GC Thread#5"                     [id=38540, stack(0x000000afd9100000,0x000000afd9200000) (1024K)]
  0x000001fdfad3f330 WorkerThread "GC Thread#6"                     [id=26292, stack(0x000000afd9200000,0x000000afd9300000) (1024K)]
  0x000001fdfad3f6d0 WorkerThread "GC Thread#7"                     [id=30388, stack(0x000000afd9300000,0x000000afd9400000) (1024K)]
  0x000001fdfad3fa70 WorkerThread "GC Thread#8"                     [id=12712, stack(0x000000afd9400000,0x000000afd9500000) (1024K)]
  0x000001fdfb02cea0 WorkerThread "GC Thread#9"                     [id=73568, stack(0x000000afd9500000,0x000000afd9600000) (1024K)]
  0x000001fdfa524a10 WorkerThread "GC Thread#10"                    [id=76336, stack(0x000000afd9600000,0x000000afd9700000) (1024K)]
  0x000001fdfa525150 WorkerThread "GC Thread#11"                    [id=76340, stack(0x000000afd9700000,0x000000afd9800000) (1024K)]
  0x000001fdfa523f30 WorkerThread "GC Thread#12"                    [id=75576, stack(0x000000afd9800000,0x000000afd9900000) (1024K)]
  0x000001fdd551ef30 ConcurrentGCThread "G1 Main Marker"            [id=78708, stack(0x000000afd7900000,0x000000afd7a00000) (1024K)]
  0x000001fdd551fa30 WorkerThread "G1 Conc#0"                       [id=49592, stack(0x000000afd7a00000,0x000000afd7b00000) (1024K)]
  0x000001fdfe82bb30 WorkerThread "G1 Conc#1"                       [id=56224, stack(0x000000afda700000,0x000000afda800000) (1024K)]
  0x000001fdfe82acb0 WorkerThread "G1 Conc#2"                       [id=6816, stack(0x000000afda800000,0x000000afda900000) (1024K)]
  0x000001fdf544acd0 ConcurrentGCThread "G1 Refine#0"               [id=49300, stack(0x000000afd7b00000,0x000000afd7c00000) (1024K)]
  0x000001fdf544b840 ConcurrentGCThread "G1 Service"                [id=77792, stack(0x000000afd7c00000,0x000000afd7d00000) (1024K)]
Total: 21

Threads with active compile tasks:
C2 CompilerThread0  1040543 19233       4       org.gradle.api.internal.artifacts.ivyservice.resolveengine.graph.builder.DependencyGraphBuilder::resolveEdges (47 bytes)
C1 CompilerThread0  1040543 19378       3       java.util.stream.Nodes$FixedNodeBuilder::end (51 bytes)
C2 CompilerThread1  1040543 19402       4       org.gradle.internal.deprecation.Documentation::upgradeGuide (11 bytes)
C2 CompilerThread2  1040543 19397       4       java.lang.Class::getCanonicalName (46 bytes)
Total: 4

VM state: not at safepoint (normal execution)

VM Mutex/Monitor currently owned by a thread:  ([mutex/lock_event])
[0x00007ff8fe0fc070] MethodCompileQueue_lock - owner thread: 0x000001fdf55bb280
[0x00007ff8fe0fd470] CodeCache_lock - owner thread: 0x000001fdf55bb280
[0x00007ff8fe0fd5f0] Compile_lock - owner thread: 0x000001fdf55bb280

Heap address: 0x0000000700000000, size: 4096 MB, Compressed Oops mode: Zero based, Oop shift amount: 3

CDS archive(s) mapped at: [0x000001fd80000000-0x000001fd80c80000-0x000001fd80c80000), size 13107200, SharedBaseAddress: 0x000001fd80000000, ArchiveRelocationMode: 1.
Compressed class space mapped at: 0x000001fd81000000-0x000001fdc1000000, reserved size: 1073741824
Narrow klass base: 0x000001fd80000000, Narrow klass shift: 0, Narrow klass range: 0x100000000

GC Precious Log:
 CardTable entry size: 512
 Card Set container configuration: InlinePtr #cards 4 size 8 Array Of Cards #cards 16 size 48 Howl #buckets 8 coarsen threshold 3686 Howl Bitmap #cards 512 size 80 coarsen threshold 460 Card regions per heap region 1 cards per card region 4096
 CPUs: 16 total, 16 available
 Memory: 49069M
 Large Page Support: Disabled
 NUMA Support: Disabled
 Compressed Oops: Enabled (Zero based)
 Heap Region Size: 2M
 Heap Min Capacity: 8M
 Heap Initial Capacity: 768M
 Heap Max Capacity: 4G
 Pre-touch: Disabled
 Parallel Workers: 13
 Concurrent Workers: 3
 Concurrent Refinement Workers: 13
 Periodic GC: Disabled

Heap:
 garbage-first heap   total 286720K, used 226092K [0x0000000700000000, 0x0000000800000000)
  region size 2048K, 26 young (53248K), 2 survivors (4096K)
 Metaspace       used 89175K, committed 91648K, reserved 1179648K
  class space    used 12192K, committed 13376K, reserved 1048576K

Heap Regions: E=young(eden), S=young(survivor), O=old, HS=humongous(starts), HC=humongous(continues), CS=collection set, F=free, TAMS=top-at-mark-start, PB=parsable bottom
|   0|0x0000000700000000, 0x0000000700200000, 0x0000000700200000|100%|HS|  |TAMS 0x0000000700000000| PB 0x0000000700000000| Complete 
|   1|0x0000000700200000, 0x0000000700400000, 0x0000000700400000|100%|HC|  |TAMS 0x0000000700200000| PB 0x0000000700200000| Complete 
|   2|0x0000000700400000, 0x0000000700600000, 0x0000000700600000|100%| O|  |TAMS 0x0000000700400000| PB 0x0000000700400000| Untracked 
|   3|0x0000000700600000, 0x0000000700800000, 0x0000000700800000|100%| O|  |TAMS 0x0000000700600000| PB 0x0000000700600000| Untracked 
|   4|0x0000000700800000, 0x0000000700a00000, 0x0000000700a00000|100%| O|  |TAMS 0x0000000700800000| PB 0x0000000700800000| Untracked 
|   5|0x0000000700a00000, 0x0000000700c00000, 0x0000000700c00000|100%| O|  |TAMS 0x0000000700a00000| PB 0x0000000700a00000| Untracked 
|   6|0x0000000700c00000, 0x0000000700e00000, 0x0000000700e00000|100%| O|  |TAMS 0x0000000700c00000| PB 0x0000000700c00000| Untracked 
|   7|0x0000000700e00000, 0x0000000701000000, 0x0000000701000000|100%| O|  |TAMS 0x0000000700e00000| PB 0x0000000700e00000| Untracked 
|   8|0x0000000701000000, 0x0000000701200000, 0x0000000701200000|100%| O|  |TAMS 0x0000000701000000| PB 0x0000000701000000| Untracked 
|   9|0x0000000701200000, 0x0000000701400000, 0x0000000701400000|100%| O|  |TAMS 0x0000000701200000| PB 0x0000000701200000| Untracked 
|  10|0x0000000701400000, 0x0000000701600000, 0x0000000701600000|100%| O|  |TAMS 0x0000000701400000| PB 0x0000000701400000| Untracked 
|  11|0x0000000701600000, 0x0000000701800000, 0x0000000701800000|100%| O|  |TAMS 0x0000000701600000| PB 0x0000000701600000| Untracked 
|  12|0x0000000701800000, 0x0000000701a00000, 0x0000000701a00000|100%| O|  |TAMS 0x0000000701800000| PB 0x0000000701800000| Untracked 
|  13|0x0000000701a00000, 0x0000000701c00000, 0x0000000701c00000|100%| O|  |TAMS 0x0000000701a00000| PB 0x0000000701a00000| Untracked 
|  14|0x0000000701c00000, 0x0000000701e00000, 0x0000000701e00000|100%| O|  |TAMS 0x0000000701c00000| PB 0x0000000701c00000| Untracked 
|  15|0x0000000701e00000, 0x0000000702000000, 0x0000000702000000|100%| O|  |TAMS 0x0000000701e00000| PB 0x0000000701e00000| Untracked 
|  16|0x0000000702000000, 0x0000000702200000, 0x0000000702200000|100%| O|  |TAMS 0x0000000702000000| PB 0x0000000702000000| Untracked 
|  17|0x0000000702200000, 0x0000000702400000, 0x0000000702400000|100%| O|  |TAMS 0x0000000702200000| PB 0x0000000702200000| Untracked 
|  18|0x0000000702400000, 0x0000000702600000, 0x0000000702600000|100%|HS|  |TAMS 0x0000000702400000| PB 0x0000000702400000| Complete 
|  19|0x0000000702600000, 0x0000000702800000, 0x0000000702800000|100%| O|  |TAMS 0x0000000702600000| PB 0x0000000702600000| Untracked 
|  20|0x0000000702800000, 0x0000000702a00000, 0x0000000702a00000|100%| O|  |TAMS 0x0000000702800000| PB 0x0000000702800000| Untracked 
|  21|0x0000000702a00000, 0x0000000702c00000, 0x0000000702c00000|100%| O|  |TAMS 0x0000000702a00000| PB 0x0000000702a00000| Untracked 
|  22|0x0000000702c00000, 0x0000000702c00000, 0x0000000702e00000|  0%| F|  |TAMS 0x0000000702c00000| PB 0x0000000702c00000| Untracked 
|  23|0x0000000702e00000, 0x0000000703000000, 0x0000000703000000|100%| O|  |TAMS 0x0000000702e00000| PB 0x0000000702e00000| Untracked 
|  24|0x0000000703000000, 0x0000000703200000, 0x0000000703200000|100%| O|  |TAMS 0x0000000703000000| PB 0x0000000703000000| Untracked 
|  25|0x0000000703200000, 0x0000000703400000, 0x0000000703400000|100%| O|  |TAMS 0x0000000703200000| PB 0x0000000703200000| Untracked 
|  26|0x0000000703400000, 0x0000000703600000, 0x0000000703600000|100%| O|  |TAMS 0x0000000703400000| PB 0x0000000703400000| Untracked 
|  27|0x0000000703600000, 0x0000000703800000, 0x0000000703800000|100%| O|  |TAMS 0x0000000703600000| PB 0x0000000703600000| Untracked 
|  28|0x0000000703800000, 0x0000000703a00000, 0x0000000703a00000|100%| O|  |TAMS 0x0000000703800000| PB 0x0000000703800000| Untracked 
|  29|0x0000000703a00000, 0x0000000703c00000, 0x0000000703c00000|100%| O|  |TAMS 0x0000000703a00000| PB 0x0000000703a00000| Untracked 
|  30|0x0000000703c00000, 0x0000000703e00000, 0x0000000703e00000|100%| O|  |TAMS 0x0000000703c00000| PB 0x0000000703c00000| Untracked 
|  31|0x0000000703e00000, 0x0000000704000000, 0x0000000704000000|100%| O|  |TAMS 0x0000000703e00000| PB 0x0000000703e00000| Untracked 
|  32|0x0000000704000000, 0x0000000704200000, 0x0000000704200000|100%|HS|  |TAMS 0x0000000704000000| PB 0x0000000704000000| Complete 
|  33|0x0000000704200000, 0x0000000704400000, 0x0000000704400000|100%| O|  |TAMS 0x0000000704200000| PB 0x0000000704200000| Untracked 
|  34|0x0000000704400000, 0x0000000704600000, 0x0000000704600000|100%| O|  |TAMS 0x0000000704400000| PB 0x0000000704400000| Untracked 
|  35|0x0000000704600000, 0x0000000704800000, 0x0000000704800000|100%| O|  |TAMS 0x0000000704600000| PB 0x0000000704600000| Untracked 
|  36|0x0000000704800000, 0x0000000704a00000, 0x0000000704a00000|100%| O|  |TAMS 0x0000000704800000| PB 0x0000000704800000| Untracked 
|  37|0x0000000704a00000, 0x0000000704c00000, 0x0000000704c00000|100%| O|  |TAMS 0x0000000704a00000| PB 0x0000000704a00000| Untracked 
|  38|0x0000000704c00000, 0x0000000704e00000, 0x0000000704e00000|100%| O|  |TAMS 0x0000000704c00000| PB 0x0000000704c00000| Untracked 
|  39|0x0000000704e00000, 0x0000000705000000, 0x0000000705000000|100%| O|  |TAMS 0x0000000704e00000| PB 0x0000000704e00000| Untracked 
|  40|0x0000000705000000, 0x0000000705200000, 0x0000000705200000|100%| O|  |TAMS 0x0000000705000000| PB 0x0000000705000000| Untracked 
|  41|0x0000000705200000, 0x0000000705400000, 0x0000000705400000|100%| O|  |TAMS 0x0000000705200000| PB 0x0000000705200000| Untracked 
|  42|0x0000000705400000, 0x0000000705600000, 0x0000000705600000|100%| O|  |TAMS 0x0000000705400000| PB 0x0000000705400000| Untracked 
|  43|0x0000000705600000, 0x0000000705600000, 0x0000000705800000|  0%| F|  |TAMS 0x0000000705600000| PB 0x0000000705600000| Untracked 
|  44|0x0000000705800000, 0x0000000705a00000, 0x0000000705a00000|100%| O|Cm|TAMS 0x0000000705800000| PB 0x0000000705800000| Complete 
|  45|0x0000000705a00000, 0x0000000705c00000, 0x0000000705c00000|100%| O|  |TAMS 0x0000000705a00000| PB 0x0000000705a00000| Untracked 
|  46|0x0000000705c00000, 0x0000000705e00000, 0x0000000705e00000|100%| O|  |TAMS 0x0000000705c00000| PB 0x0000000705c00000| Untracked 
|  47|0x0000000705e00000, 0x0000000706000000, 0x0000000706000000|100%| O|  |TAMS 0x0000000705e00000| PB 0x0000000705e00000| Untracked 
|  48|0x0000000706000000, 0x0000000706200000, 0x0000000706200000|100%| O|  |TAMS 0x0000000706000000| PB 0x0000000706000000| Untracked 
|  49|0x0000000706200000, 0x0000000706400000, 0x0000000706400000|100%| O|  |TAMS 0x0000000706200000| PB 0x0000000706200000| Untracked 
|  50|0x0000000706400000, 0x0000000706600000, 0x0000000706600000|100%| O|  |TAMS 0x0000000706400000| PB 0x0000000706400000| Untracked 
|  51|0x0000000706600000, 0x0000000706600000, 0x0000000706800000|  0%| F|  |TAMS 0x0000000706600000| PB 0x0000000706600000| Untracked 
|  52|0x0000000706800000, 0x0000000706800000, 0x0000000706a00000|  0%| F|  |TAMS 0x0000000706800000| PB 0x0000000706800000| Untracked 
|  53|0x0000000706a00000, 0x0000000706a00000, 0x0000000706c00000|  0%| F|  |TAMS 0x0000000706a00000| PB 0x0000000706a00000| Untracked 
|  54|0x0000000706c00000, 0x0000000706e00000, 0x0000000706e00000|100%| O|  |TAMS 0x0000000706c00000| PB 0x0000000706c00000| Untracked 
|  55|0x0000000706e00000, 0x0000000707000000, 0x0000000707000000|100%| O|  |TAMS 0x0000000706e00000| PB 0x0000000706e00000| Untracked 
|  56|0x0000000707000000, 0x0000000707200000, 0x0000000707200000|100%| O|  |TAMS 0x0000000707000000| PB 0x0000000707000000| Untracked 
|  57|0x0000000707200000, 0x0000000707200000, 0x0000000707400000|  0%| F|  |TAMS 0x0000000707200000| PB 0x0000000707200000| Untracked 
|  58|0x0000000707400000, 0x0000000707600000, 0x0000000707600000|100%| O|  |TAMS 0x0000000707400000| PB 0x0000000707400000| Untracked 
|  59|0x0000000707600000, 0x0000000707600000, 0x0000000707800000|  0%| F|  |TAMS 0x0000000707600000| PB 0x0000000707600000| Untracked 
|  60|0x0000000707800000, 0x0000000707a00000, 0x0000000707a00000|100%| O|  |TAMS 0x0000000707800000| PB 0x0000000707800000| Untracked 
|  61|0x0000000707a00000, 0x0000000707a00000, 0x0000000707c00000|  0%| F|  |TAMS 0x0000000707a00000| PB 0x0000000707a00000| Untracked 
|  62|0x0000000707c00000, 0x0000000707e00000, 0x0000000707e00000|100%| O|Cm|TAMS 0x0000000707c00000| PB 0x0000000707c00000| Complete 
|  63|0x0000000707e00000, 0x0000000707e00000, 0x0000000708000000|  0%| F|  |TAMS 0x0000000707e00000| PB 0x0000000707e00000| Untracked 
|  64|0x0000000708000000, 0x0000000708000000, 0x0000000708200000|  0%| F|  |TAMS 0x0000000708000000| PB 0x0000000708000000| Untracked 
|  65|0x0000000708200000, 0x0000000708400000, 0x0000000708400000|100%| O|Cm|TAMS 0x0000000708200000| PB 0x0000000708200000| Complete 
|  66|0x0000000708400000, 0x0000000708400000, 0x0000000708600000|  0%| F|  |TAMS 0x0000000708400000| PB 0x0000000708400000| Untracked 
|  67|0x0000000708600000, 0x0000000708800000, 0x0000000708800000|100%| O|  |TAMS 0x0000000708600000| PB 0x0000000708600000| Untracked 
|  68|0x0000000708800000, 0x0000000708a00000, 0x0000000708a00000|100%| O|  |TAMS 0x0000000708800000| PB 0x0000000708800000| Untracked 
|  69|0x0000000708a00000, 0x0000000708c00000, 0x0000000708c00000|100%| O|  |TAMS 0x0000000708a00000| PB 0x0000000708a00000| Untracked 
|  70|0x0000000708c00000, 0x0000000708e00000, 0x0000000708e00000|100%| O|  |TAMS 0x0000000708c00000| PB 0x0000000708c00000| Untracked 
|  71|0x0000000708e00000, 0x0000000709000000, 0x0000000709000000|100%| O|  |TAMS 0x0000000708e00000| PB 0x0000000708e00000| Untracked 
|  72|0x0000000709000000, 0x0000000709200000, 0x0000000709200000|100%| O|  |TAMS 0x0000000709000000| PB 0x0000000709000000| Untracked 
|  73|0x0000000709200000, 0x0000000709400000, 0x0000000709400000|100%| O|  |TAMS 0x0000000709200000| PB 0x0000000709200000| Untracked 
|  74|0x0000000709400000, 0x0000000709600000, 0x0000000709600000|100%| O|  |TAMS 0x0000000709400000| PB 0x0000000709400000| Untracked 
|  75|0x0000000709600000, 0x0000000709800000, 0x0000000709800000|100%| O|  |TAMS 0x0000000709600000| PB 0x0000000709600000| Untracked 
|  76|0x0000000709800000, 0x0000000709a00000, 0x0000000709a00000|100%| O|  |TAMS 0x0000000709800000| PB 0x0000000709800000| Untracked 
|  77|0x0000000709a00000, 0x0000000709c00000, 0x0000000709c00000|100%| O|  |TAMS 0x0000000709a00000| PB 0x0000000709a00000| Untracked 
|  78|0x0000000709c00000, 0x0000000709e00000, 0x0000000709e00000|100%|HS|  |TAMS 0x0000000709c00000| PB 0x0000000709c00000| Complete 
|  79|0x0000000709e00000, 0x000000070a000000, 0x000000070a000000|100%| O|  |TAMS 0x0000000709e00000| PB 0x0000000709e00000| Untracked 
|  80|0x000000070a000000, 0x000000070a200000, 0x000000070a200000|100%| O|  |TAMS 0x000000070a000000| PB 0x000000070a000000| Untracked 
|  81|0x000000070a200000, 0x000000070a400000, 0x000000070a400000|100%| O|  |TAMS 0x000000070a200000| PB 0x000000070a200000| Untracked 
|  82|0x000000070a400000, 0x000000070a600000, 0x000000070a600000|100%| O|  |TAMS 0x000000070a400000| PB 0x000000070a400000| Untracked 
|  83|0x000000070a600000, 0x000000070a800000, 0x000000070a800000|100%| O|  |TAMS 0x000000070a600000| PB 0x000000070a600000| Untracked 
|  84|0x000000070a800000, 0x000000070aa00000, 0x000000070aa00000|100%| O|  |TAMS 0x000000070a800000| PB 0x000000070a800000| Untracked 
|  85|0x000000070aa00000, 0x000000070ac00000, 0x000000070ac00000|100%| O|  |TAMS 0x000000070aa00000| PB 0x000000070aa00000| Untracked 
|  86|0x000000070ac00000, 0x000000070ae00000, 0x000000070ae00000|100%| O|  |TAMS 0x000000070ac00000| PB 0x000000070ac00000| Untracked 
|  87|0x000000070ae00000, 0x000000070b000000, 0x000000070b000000|100%| O|  |TAMS 0x000000070ae00000| PB 0x000000070ae00000| Untracked 
|  88|0x000000070b000000, 0x000000070b200000, 0x000000070b200000|100%| O|  |TAMS 0x000000070b000000| PB 0x000000070b000000| Untracked 
|  89|0x000000070b200000, 0x000000070b400000, 0x000000070b400000|100%| O|  |TAMS 0x000000070b200000| PB 0x000000070b200000| Untracked 
|  90|0x000000070b400000, 0x000000070b600000, 0x000000070b600000|100%| O|  |TAMS 0x000000070b400000| PB 0x000000070b400000| Untracked 
|  91|0x000000070b600000, 0x000000070b800000, 0x000000070b800000|100%| O|  |TAMS 0x000000070b600000| PB 0x000000070b600000| Untracked 
|  92|0x000000070b800000, 0x000000070ba00000, 0x000000070ba00000|100%| O|  |TAMS 0x000000070b800000| PB 0x000000070b800000| Untracked 
|  93|0x000000070ba00000, 0x000000070bc00000, 0x000000070bc00000|100%| O|  |TAMS 0x000000070ba00000| PB 0x000000070ba00000| Untracked 
|  94|0x000000070bc00000, 0x000000070bc00000, 0x000000070be00000|  0%| F|  |TAMS 0x000000070bc00000| PB 0x000000070bc00000| Untracked 
|  95|0x000000070be00000, 0x000000070be00000, 0x000000070c000000|  0%| F|  |TAMS 0x000000070be00000| PB 0x000000070be00000| Untracked 
|  96|0x000000070c000000, 0x000000070c000000, 0x000000070c200000|  0%| F|  |TAMS 0x000000070c000000| PB 0x000000070c000000| Untracked 
|  97|0x000000070c200000, 0x000000070c200000, 0x000000070c400000|  0%| F|  |TAMS 0x000000070c200000| PB 0x000000070c200000| Untracked 
|  98|0x000000070c400000, 0x000000070c400000, 0x000000070c600000|  0%| F|  |TAMS 0x000000070c400000| PB 0x000000070c400000| Untracked 
|  99|0x000000070c600000, 0x000000070c600000, 0x000000070c800000|  0%| F|  |TAMS 0x000000070c600000| PB 0x000000070c600000| Untracked 
| 100|0x000000070c800000, 0x000000070c800000, 0x000000070ca00000|  0%| F|  |TAMS 0x000000070c800000| PB 0x000000070c800000| Untracked 
| 101|0x000000070ca00000, 0x000000070ca00000, 0x000000070cc00000|  0%| F|  |TAMS 0x000000070ca00000| PB 0x000000070ca00000| Untracked 
| 102|0x000000070cc00000, 0x000000070cc00000, 0x000000070ce00000|  0%| F|  |TAMS 0x000000070cc00000| PB 0x000000070cc00000| Untracked 
| 103|0x000000070ce00000, 0x000000070ce00000, 0x000000070d000000|  0%| F|  |TAMS 0x000000070ce00000| PB 0x000000070ce00000| Untracked 
| 104|0x000000070d000000, 0x000000070d000000, 0x000000070d200000|  0%| F|  |TAMS 0x000000070d000000| PB 0x000000070d000000| Untracked 
| 105|0x000000070d200000, 0x000000070d200000, 0x000000070d400000|  0%| F|  |TAMS 0x000000070d200000| PB 0x000000070d200000| Untracked 
| 106|0x000000070d400000, 0x000000070d400000, 0x000000070d600000|  0%| F|  |TAMS 0x000000070d400000| PB 0x000000070d400000| Untracked 
| 107|0x000000070d600000, 0x000000070d600000, 0x000000070d800000|  0%| F|  |TAMS 0x000000070d600000| PB 0x000000070d600000| Untracked 
| 108|0x000000070d800000, 0x000000070d800000, 0x000000070da00000|  0%| F|  |TAMS 0x000000070d800000| PB 0x000000070d800000| Untracked 
| 109|0x000000070da00000, 0x000000070da00000, 0x000000070dc00000|  0%| F|  |TAMS 0x000000070da00000| PB 0x000000070da00000| Untracked 
| 110|0x000000070dc00000, 0x000000070dc00000, 0x000000070de00000|  0%| F|  |TAMS 0x000000070dc00000| PB 0x000000070dc00000| Untracked 
| 111|0x000000070de00000, 0x000000070decb318, 0x000000070e000000| 39%| S|CS|TAMS 0x000000070de00000| PB 0x000000070de00000| Complete 
| 112|0x000000070e000000, 0x000000070e200000, 0x000000070e200000|100%| S|CS|TAMS 0x000000070e000000| PB 0x000000070e000000| Complete 
| 113|0x000000070e200000, 0x000000070e2e9d68, 0x000000070e400000| 45%| E|  |TAMS 0x000000070e200000| PB 0x000000070e200000| Complete 
| 114|0x000000070e400000, 0x000000070e600000, 0x000000070e600000|100%| E|CS|TAMS 0x000000070e400000| PB 0x000000070e400000| Complete 
| 115|0x000000070e600000, 0x000000070e800000, 0x000000070e800000|100%| E|CS|TAMS 0x000000070e600000| PB 0x000000070e600000| Complete 
| 190|0x0000000717c00000, 0x0000000717e00000, 0x0000000717e00000|100%| E|CS|TAMS 0x0000000717c00000| PB 0x0000000717c00000| Complete 
| 191|0x0000000717e00000, 0x0000000718000000, 0x0000000718000000|100%| E|CS|TAMS 0x0000000717e00000| PB 0x0000000717e00000| Complete 
| 192|0x0000000718000000, 0x0000000718200000, 0x0000000718200000|100%| E|CS|TAMS 0x0000000718000000| PB 0x0000000718000000| Complete 
| 193|0x0000000718200000, 0x0000000718400000, 0x0000000718400000|100%| E|CS|TAMS 0x0000000718200000| PB 0x0000000718200000| Complete 
| 194|0x0000000718400000, 0x0000000718600000, 0x0000000718600000|100%| E|CS|TAMS 0x0000000718400000| PB 0x0000000718400000| Complete 
| 195|0x0000000718600000, 0x0000000718800000, 0x0000000718800000|100%| E|CS|TAMS 0x0000000718600000| PB 0x0000000718600000| Complete 
| 196|0x0000000718800000, 0x0000000718a00000, 0x0000000718a00000|100%| E|CS|TAMS 0x0000000718800000| PB 0x0000000718800000| Complete 
| 318|0x0000000727c00000, 0x0000000727e00000, 0x0000000727e00000|100%| E|CS|TAMS 0x0000000727c00000| PB 0x0000000727c00000| Complete 
| 319|0x0000000727e00000, 0x0000000728000000, 0x0000000728000000|100%| E|CS|TAMS 0x0000000727e00000| PB 0x0000000727e00000| Complete 
| 383|0x000000072fe00000, 0x0000000730000000, 0x0000000730000000|100%| E|CS|TAMS 0x000000072fe00000| PB 0x000000072fe00000| Complete 
|2034|0x00000007fe400000, 0x00000007fe600000, 0x00000007fe600000|100%| O|  |TAMS 0x00000007fe400000| PB 0x00000007fe400000| Untracked 
|2035|0x00000007fe600000, 0x00000007fe800000, 0x00000007fe800000|100%| E|CS|TAMS 0x00000007fe600000| PB 0x00000007fe600000| Complete 
|2036|0x00000007fe800000, 0x00000007fea00000, 0x00000007fea00000|100%| O|Cm|TAMS 0x00000007fe800000| PB 0x00000007fe800000| Complete 
|2037|0x00000007fea00000, 0x00000007fec00000, 0x00000007fec00000|100%| E|CS|TAMS 0x00000007fea00000| PB 0x00000007fea00000| Complete 
|2038|0x00000007fec00000, 0x00000007fee00000, 0x00000007fee00000|100%| O|  |TAMS 0x00000007fec00000| PB 0x00000007fec00000| Untracked 
|2039|0x00000007fee00000, 0x00000007ff000000, 0x00000007ff000000|100%| E|CS|TAMS 0x00000007fee00000| PB 0x00000007fee00000| Complete 
|2040|0x00000007ff000000, 0x00000007ff200000, 0x00000007ff200000|100%| E|CS|TAMS 0x00000007ff000000| PB 0x00000007ff000000| Complete 
|2041|0x00000007ff200000, 0x00000007ff400000, 0x00000007ff400000|100%| E|CS|TAMS 0x00000007ff200000| PB 0x00000007ff200000| Complete 
|2042|0x00000007ff400000, 0x00000007ff600000, 0x00000007ff600000|100%| E|CS|TAMS 0x00000007ff400000| PB 0x00000007ff400000| Complete 
|2043|0x00000007ff600000, 0x00000007ff800000, 0x00000007ff800000|100%| E|CS|TAMS 0x00000007ff600000| PB 0x00000007ff600000| Complete 
|2044|0x00000007ff800000, 0x00000007ffa00000, 0x00000007ffa00000|100%| E|CS|TAMS 0x00000007ff800000| PB 0x00000007ff800000| Complete 
|2045|0x00000007ffa00000, 0x00000007ffc00000, 0x00000007ffc00000|100%| E|CS|TAMS 0x00000007ffa00000| PB 0x00000007ffa00000| Complete 
|2046|0x00000007ffc00000, 0x00000007ffe00000, 0x00000007ffe00000|100%| E|CS|TAMS 0x00000007ffc00000| PB 0x00000007ffc00000| Complete 
|2047|0x00000007ffe00000, 0x0000000800000000, 0x0000000800000000|100%| E|CS|TAMS 0x00000007ffe00000| PB 0x00000007ffe00000| Complete 

Card table byte_map: [0x000001fdedc30000,0x000001fdee430000] _byte_map_base: 0x000001fdea430000

Marking Bits: (CMBitMap*) 0x000001fdd550d640
 Bits: [0x000001fdee430000, 0x000001fdf2430000)

Polling page: 0x000001fdd32f0000

Metaspace:

Usage:
  Non-class:     75.18 MB used.
      Class:     11.91 MB used.
       Both:     87.09 MB used.

Virtual space:
  Non-class space:      128.00 MB reserved,      76.44 MB ( 60%) committed,  2 nodes.
      Class space:        1.00 GB reserved,      13.06 MB (  1%) committed,  1 nodes.
             Both:        1.12 GB reserved,      89.50 MB (  8%) committed. 

Chunk freelists:
   Non-Class:  3.60 MB
       Class:  2.89 MB
        Both:  6.49 MB

MaxMetaspaceSize: unlimited
CompressedClassSpaceSize: 1.00 GB
Initial GC threshold: 21.00 MB
Current GC threshold: 148.06 MB
CDS: on
 - commit_granule_bytes: 65536.
 - commit_granule_words: 8192.
 - virtual_space_node_default_size: 8388608.
 - enlarge_chunks_in_place: 1.
 - use_allocation_guard: 0.


Internal statistics:

num_allocs_failed_limit: 9.
num_arena_births: 4416.
num_arena_deaths: 40.
num_vsnodes_births: 3.
num_vsnodes_deaths: 0.
num_space_committed: 1432.
num_space_uncommitted: 0.
num_chunks_returned_to_freelist: 66.
num_chunks_taken_from_freelist: 8779.
num_chunk_merges: 9.
num_chunk_splits: 5500.
num_chunks_enlarged: 3236.
num_inconsistent_stats: 0.

CodeHeap 'non-profiled nmethods': size=119168Kb used=9812Kb max_used=10100Kb free=109355Kb
 bounds [0x000001fde5750000, 0x000001fde6180000, 0x000001fdecbb0000]
CodeHeap 'profiled nmethods': size=119104Kb used=19452Kb max_used=26851Kb free=99651Kb
 bounds [0x000001fdddbb0000, 0x000001fddf5f0000, 0x000001fde5000000]
CodeHeap 'non-nmethods': size=7488Kb used=3277Kb max_used=4484Kb free=4210Kb
 bounds [0x000001fde5000000, 0x000001fde5470000, 0x000001fde5750000]
CodeCache: size=245760Kb, used=32541Kb, max_used=41435Kb, free=213216Kb
 total_blobs=11470, nmethods=10504, adapters=868, full_count=0
Compilation: enabled, stopped_count=0, restarted_count=0

Compilation events (20 events):
Event: 1040.489 Thread 0x000001fdfe48d2e0 19368       3       java.util.stream.SortedOps$SizedRefSortingSink::end (129 bytes)
Event: 1040.490 Thread 0x000001fdfe48d2e0 nmethod 19368 0x000001fddf47e710 code [0x000001fddf47e940, 0x000001fddf47f148]
Event: 1040.490 Thread 0x000001fdfe48b7a0 19369 %     4       org.apache.commons.lang.StringUtils::containsAny @ 37 (128 bytes)
Event: 1040.494 Thread 0x000001fdfe48b7a0 nmethod 19369% 0x000001fde5c98310 code [0x000001fde5c984c0, 0x000001fde5c988e0]
Event: 1040.495 Thread 0x000001fdf55bbd10 19370       3       org.gradle.api.internal.attributes.FreezableAttributeContainer::isEmpty (10 bytes)
Event: 1040.495 Thread 0x000001fdf55bbd10 nmethod 19370 0x000001fddef8b910 code [0x000001fddef8bac0, 0x000001fddef8bca0]
Event: 1040.498 Thread 0x000001fdfe48d2e0 19371       1       org.gradle.api.internal.artifacts.DefaultProjectComponentIdentifier::getProjectIdentity (5 bytes)
Event: 1040.498 Thread 0x000001fdf55bbd10 19372       1       org.gradle.api.internal.project.ProjectIdentity::getProjectName (5 bytes)
Event: 1040.498 Thread 0x000001fdfe48d2e0 nmethod 19371 0x000001fde5c0ad90 code [0x000001fde5c0af20, 0x000001fde5c0aff0]
Event: 1040.498 Thread 0x000001fdf55bbd10 nmethod 19372 0x000001fde5c61110 code [0x000001fde5c612a0, 0x000001fde5c61370]
Event: 1040.515 Thread 0x000001fdfe490960 19373       4       org.gradle.api.internal.DefaultDomainObjectSet_Decorated::getStore (39 bytes)
Event: 1040.515 Thread 0x000001fdfe490960 nmethod 19373 0x000001fde598f210 code [0x000001fde598f3a0, 0x000001fde598f458]
Event: 1040.517 Thread 0x000001fdf55bbd10 19374       3       org.gradle.api.internal.attributes.matching.CachingAttributeSelectionSchema$$Lambda/0x000001fd81838458::apply (15 bytes)
Event: 1040.517 Thread 0x000001fdfe48d2e0 19375       3       org.gradle.api.internal.attributes.matching.CachingAttributeSelectionSchema::doMatchValue (22 bytes)
Event: 1040.517 Thread 0x000001fdfe48d2e0 nmethod 19375 0x000001fddf17b990 code [0x000001fddf17bb40, 0x000001fddf17bd80]
Event: 1040.517 Thread 0x000001fdf55bbd10 nmethod 19374 0x000001fddf0c6710 code [0x000001fddf0c6900, 0x000001fddf0c6d70]
Event: 1040.517 Thread 0x000001fdfe48d2e0 19376       3       org.gradle.api.internal.attributes.matching.DefaultAttributeSelectionSchema::matchValue (70 bytes)
Event: 1040.517 Thread 0x000001fdfe48d2e0 nmethod 19376 0x000001fdde671610 code [0x000001fdde671860, 0x000001fdde6721d8]
Event: 1040.520 Thread 0x000001fdf55bbd10 19378       3       java.util.stream.Nodes$FixedNodeBuilder::end (51 bytes)
Event: 1040.520 Thread 0x000001fdfe48d2e0 19377       3       java.util.stream.Nodes$FixedNodeBuilder::begin (52 bytes)

GC Heap History (20 events):
Event: 376.790 GC heap before
{Heap before GC invocations=32 (full 0):
 garbage-first heap   total 204800K, used 190081K [0x0000000700000000, 0x0000000800000000)
  region size 2048K, 41 young (83968K), 3 survivors (6144K)
 Metaspace       used 87660K, committed 90112K, reserved 1179648K
  class space    used 12132K, committed 13312K, reserved 1048576K
}
Event: 376.793 GC heap after
{Heap after GC invocations=33 (full 0):
 garbage-first heap   total 204800K, used 103913K [0x0000000700000000, 0x0000000800000000)
  region size 2048K, 3 young (6144K), 3 survivors (6144K)
 Metaspace       used 87660K, committed 90112K, reserved 1179648K
  class space    used 12132K, committed 13312K, reserved 1048576K
}
Event: 436.467 GC heap before
{Heap before GC invocations=33 (full 0):
 garbage-first heap   total 204800K, used 189929K [0x0000000700000000, 0x0000000800000000)
  region size 2048K, 46 young (94208K), 3 survivors (6144K)
 Metaspace       used 87867K, committed 90368K, reserved 1179648K
  class space    used 12136K, committed 13312K, reserved 1048576K
}
Event: 436.470 GC heap after
{Heap after GC invocations=34 (full 0):
 garbage-first heap   total 204800K, used 109205K [0x0000000700000000, 0x0000000800000000)
  region size 2048K, 5 young (10240K), 5 survivors (10240K)
 Metaspace       used 87867K, committed 90368K, reserved 1179648K
  class space    used 12136K, committed 13312K, reserved 1048576K
}
Event: 436.939 GC heap before
{Heap before GC invocations=35 (full 0):
 garbage-first heap   total 204800K, used 191125K [0x0000000700000000, 0x0000000800000000)
  region size 2048K, 45 young (92160K), 5 survivors (10240K)
 Metaspace       used 88007K, committed 90432K, reserved 1179648K
  class space    used 12137K, committed 13312K, reserved 1048576K
}
Event: 436.946 GC heap after
{Heap after GC invocations=36 (full 0):
 garbage-first heap   total 229376K, used 135991K [0x0000000700000000, 0x0000000800000000)
  region size 2048K, 6 young (12288K), 6 survivors (12288K)
 Metaspace       used 88007K, committed 90432K, reserved 1179648K
  class space    used 12137K, committed 13312K, reserved 1048576K
}
Event: 437.151 GC heap before
{Heap before GC invocations=36 (full 0):
 garbage-first heap   total 229376K, used 193335K [0x0000000700000000, 0x0000000800000000)
  region size 2048K, 34 young (69632K), 6 survivors (12288K)
 Metaspace       used 88183K, committed 90624K, reserved 1179648K
  class space    used 12139K, committed 13312K, reserved 1048576K
}
Event: 437.163 GC heap after
{Heap after GC invocations=37 (full 0):
 garbage-first heap   total 235520K, used 161384K [0x0000000700000000, 0x0000000800000000)
  region size 2048K, 5 young (10240K), 5 survivors (10240K)
 Metaspace       used 88183K, committed 90624K, reserved 1179648K
  class space    used 12139K, committed 13312K, reserved 1048576K
}
Event: 473.762 GC heap before
{Heap before GC invocations=37 (full 0):
 garbage-first heap   total 235520K, used 198248K [0x0000000700000000, 0x0000000800000000)
  region size 2048K, 24 young (49152K), 5 survivors (10240K)
 Metaspace       used 88256K, committed 90688K, reserved 1179648K
  class space    used 12139K, committed 13312K, reserved 1048576K
}
Event: 473.765 GC heap after
{Heap after GC invocations=38 (full 0):
 garbage-first heap   total 282624K, used 165652K [0x0000000700000000, 0x0000000800000000)
  region size 2048K, 2 young (4096K), 2 survivors (4096K)
 Metaspace       used 88256K, committed 90688K, reserved 1179648K
  class space    used 12139K, committed 13312K, reserved 1048576K
}
Event: 478.571 GC heap before
{Heap before GC invocations=39 (full 0):
 garbage-first heap   total 282624K, used 235284K [0x0000000700000000, 0x0000000800000000)
  region size 2048K, 37 young (75776K), 2 survivors (4096K)
 Metaspace       used 88256K, committed 90688K, reserved 1179648K
  class space    used 12139K, committed 13312K, reserved 1048576K
}
Event: 478.572 GC heap after
{Heap after GC invocations=40 (full 0):
 garbage-first heap   total 282624K, used 162726K [0x0000000700000000, 0x0000000800000000)
  region size 2048K, 1 young (2048K), 1 survivors (2048K)
 Metaspace       used 88256K, committed 90688K, reserved 1179648K
  class space    used 12139K, committed 13312K, reserved 1048576K
}
Event: 995.448 GC heap before
{Heap before GC invocations=40 (full 0):
 garbage-first heap   total 282624K, used 244646K [0x0000000700000000, 0x0000000800000000)
  region size 2048K, 42 young (86016K), 1 survivors (2048K)
 Metaspace       used 88421K, committed 90880K, reserved 1179648K
  class space    used 12140K, committed 13312K, reserved 1048576K
}
Event: 995.451 GC heap after
{Heap after GC invocations=41 (full 0):
 garbage-first heap   total 282624K, used 156133K [0x0000000700000000, 0x0000000800000000)
  region size 2048K, 3 young (6144K), 3 survivors (6144K)
 Metaspace       used 88421K, committed 90880K, reserved 1179648K
  class space    used 12140K, committed 13312K, reserved 1048576K
}
Event: 996.177 GC heap before
{Heap before GC invocations=41 (full 0):
 garbage-first heap   total 282624K, used 250341K [0x0000000700000000, 0x0000000800000000)
  region size 2048K, 49 young (100352K), 3 survivors (6144K)
 Metaspace       used 88519K, committed 90944K, reserved 1179648K
  class space    used 12143K, committed 13312K, reserved 1048576K
}
Event: 996.184 GC heap after
{Heap after GC invocations=42 (full 0):
 garbage-first heap   total 284672K, used 183342K [0x0000000700000000, 0x0000000800000000)
  region size 2048K, 7 young (14336K), 7 survivors (14336K)
 Metaspace       used 88519K, committed 90944K, reserved 1179648K
  class space    used 12143K, committed 13312K, reserved 1048576K
}
Event: 996.472 GC heap before
{Heap before GC invocations=43 (full 0):
 garbage-first heap   total 286720K, used 226350K [0x0000000700000000, 0x0000000800000000)
  region size 2048K, 35 young (71680K), 7 survivors (14336K)
 Metaspace       used 88637K, committed 91072K, reserved 1179648K
  class space    used 12144K, committed 13312K, reserved 1048576K
}
Event: 996.482 GC heap after
{Heap after GC invocations=44 (full 0):
 garbage-first heap   total 286720K, used 199563K [0x0000000700000000, 0x0000000800000000)
  region size 2048K, 5 young (10240K), 5 survivors (10240K)
 Metaspace       used 88637K, committed 91072K, reserved 1179648K
  class space    used 12144K, committed 13312K, reserved 1048576K
}
Event: 1040.185 GC heap before
{Heap before GC invocations=44 (full 0):
 garbage-first heap   total 286720K, used 242571K [0x0000000700000000, 0x0000000800000000)
  region size 2048K, 26 young (53248K), 5 survivors (10240K)
 Metaspace       used 89066K, committed 91584K, reserved 1179648K
  class space    used 12191K, committed 13376K, reserved 1048576K
}
Event: 1040.189 GC heap after
{Heap after GC invocations=45 (full 0):
 garbage-first heap   total 286720K, used 178988K [0x0000000700000000, 0x0000000800000000)
  region size 2048K, 2 young (4096K), 2 survivors (4096K)
 Metaspace       used 89066K, committed 91584K, reserved 1179648K
  class space    used 12191K, committed 13376K, reserved 1048576K
}

Dll operation events (15 events):
Event: 0.006 Loaded shared library C:\Program Files\Eclipse Adoptium\jdk-21.0.9.10-hotspot\bin\java.dll
Event: 0.036 Loaded shared library C:\Program Files\Eclipse Adoptium\jdk-21.0.9.10-hotspot\bin\jsvml.dll
Event: 0.074 Loaded shared library C:\Program Files\Eclipse Adoptium\jdk-21.0.9.10-hotspot\bin\zip.dll
Event: 0.076 Loaded shared library C:\Program Files\Eclipse Adoptium\jdk-21.0.9.10-hotspot\bin\instrument.dll
Event: 0.081 Loaded shared library C:\Program Files\Eclipse Adoptium\jdk-21.0.9.10-hotspot\bin\net.dll
Event: 0.082 Loaded shared library C:\Program Files\Eclipse Adoptium\jdk-21.0.9.10-hotspot\bin\nio.dll
Event: 0.084 Loaded shared library C:\Program Files\Eclipse Adoptium\jdk-21.0.9.10-hotspot\bin\zip.dll
Event: 0.380 Loaded shared library C:\Program Files\Eclipse Adoptium\jdk-21.0.9.10-hotspot\bin\jimage.dll
Event: 0.457 Loaded shared library C:\Program Files\Eclipse Adoptium\jdk-21.0.9.10-hotspot\bin\verify.dll
Event: 0.526 Loaded shared library C:\Users\nebur\.gradle\native\1def1411415f61bf3af743bc5b6707747c0891f09f0c88961ee8f79bc544acac\windows-amd64\native-platform.dll
Event: 0.535 Loaded shared library C:\Users\nebur\.gradle\native\0.2.7\x86_64-windows-gnu\gradle-fileevents.dll
Event: 1.202 Loaded shared library C:\Program Files\Eclipse Adoptium\jdk-21.0.9.10-hotspot\bin\management.dll
Event: 1.204 Loaded shared library C:\Program Files\Eclipse Adoptium\jdk-21.0.9.10-hotspot\bin\management_ext.dll
Event: 1.293 Loaded shared library C:\Program Files\Eclipse Adoptium\jdk-21.0.9.10-hotspot\bin\extnet.dll
Event: 1.433 Loaded shared library C:\Program Files\Eclipse Adoptium\jdk-21.0.9.10-hotspot\bin\sunmscapi.dll

Deoptimization events (20 events):
Event: 1040.226 Thread 0x000001fdff530ea0 Uncommon trap: trap_request=0xffffffbe fr.pc=0x000001fde5e76508 relative=0x0000000000003868
Event: 1040.226 Thread 0x000001fdff530ea0 Uncommon trap: reason=profile_predicate action=maybe_recompile pc=0x000001fde5e76508 method=org.gradle.api.internal.artifacts.ivyservice.resolveengine.graph.builder.DependencyGraphBuilder.performSelectionSerially(Ljava/util/List;Lorg/gradle/api/specs/Spec
Event: 1040.226 Thread 0x000001fdff530ea0 DEOPT PACKING pc=0x000001fde5e76508 sp=0x000000afd87f8b20
Event: 1040.226 Thread 0x000001fdff530ea0 DEOPT UNPACKING pc=0x000001fde5054422 sp=0x000000afd87f8b60 mode 2
Event: 1040.228 Thread 0x000001fdff530ea0 Uncommon trap: trap_request=0xffffffbe fr.pc=0x000001fde5e76508 relative=0x0000000000003868
Event: 1040.228 Thread 0x000001fdff530ea0 Uncommon trap: reason=profile_predicate action=maybe_recompile pc=0x000001fde5e76508 method=org.gradle.api.internal.artifacts.ivyservice.resolveengine.graph.builder.DependencyGraphBuilder.performSelectionSerially(Ljava/util/List;Lorg/gradle/api/specs/Spec
Event: 1040.228 Thread 0x000001fdff530ea0 DEOPT PACKING pc=0x000001fde5e76508 sp=0x000000afd87f8b20
Event: 1040.228 Thread 0x000001fdff530ea0 DEOPT UNPACKING pc=0x000001fde5054422 sp=0x000000afd87f8b60 mode 2
Event: 1040.230 Thread 0x000001fdff530ea0 Uncommon trap: trap_request=0xffffffbe fr.pc=0x000001fde5e76508 relative=0x0000000000003868
Event: 1040.230 Thread 0x000001fdff530ea0 Uncommon trap: reason=profile_predicate action=maybe_recompile pc=0x000001fde5e76508 method=org.gradle.api.internal.artifacts.ivyservice.resolveengine.graph.builder.DependencyGraphBuilder.performSelectionSerially(Ljava/util/List;Lorg/gradle/api/specs/Spec
Event: 1040.230 Thread 0x000001fdff530ea0 DEOPT PACKING pc=0x000001fde5e76508 sp=0x000000afd87f8b20
Event: 1040.230 Thread 0x000001fdff530ea0 DEOPT UNPACKING pc=0x000001fde5054422 sp=0x000000afd87f8b60 mode 2
Event: 1040.285 Thread 0x000001fdff530ea0 Uncommon trap: trap_request=0xffffffd6 fr.pc=0x000001fde5a5da60 relative=0x0000000000000d20
Event: 1040.285 Thread 0x000001fdff530ea0 Uncommon trap: reason=array_check action=maybe_recompile pc=0x000001fde5a5da60 method=java.util.ComparableTimSort.binarySort([Ljava/lang/Object;III)V @ 215 c2
Event: 1040.285 Thread 0x000001fdff530ea0 DEOPT PACKING pc=0x000001fde5a5da60 sp=0x000000afd87f81a0
Event: 1040.285 Thread 0x000001fdff530ea0 DEOPT UNPACKING pc=0x000001fde5054422 sp=0x000000afd87f8180 mode 2
Event: 1040.285 Thread 0x000001fdff530ea0 Uncommon trap: trap_request=0xffffffd6 fr.pc=0x000001fde5a5da60 relative=0x0000000000000d20
Event: 1040.285 Thread 0x000001fdff530ea0 Uncommon trap: reason=array_check action=maybe_recompile pc=0x000001fde5a5da60 method=java.util.ComparableTimSort.binarySort([Ljava/lang/Object;III)V @ 215 c2
Event: 1040.285 Thread 0x000001fdff530ea0 DEOPT PACKING pc=0x000001fde5a5da60 sp=0x000000afd87f81a0
Event: 1040.285 Thread 0x000001fdff530ea0 DEOPT UNPACKING pc=0x000001fde5054422 sp=0x000000afd87f8180 mode 2

Classes loaded (20 events):
Event: 307.848 Loading class java/util/AbstractList$ListItr
Event: 307.849 Loading class java/util/AbstractList$ListItr done
Event: 997.417 Loading class java/lang/invoke/WrongMethodTypeException
Event: 997.417 Loading class java/lang/invoke/WrongMethodTypeException done
Event: 997.421 Loading class java/util/logging/LogRecord
Event: 997.421 Loading class java/util/logging/LogRecord done
Event: 997.443 Loading class jdk/internal/reflect/MethodHandleLongFieldAccessorImpl
Event: 997.443 Loading class jdk/internal/reflect/MethodHandleLongFieldAccessorImpl done
Event: 997.444 Loading class java/lang/Throwable$PrintStreamOrWriter
Event: 997.445 Loading class java/lang/Throwable$PrintStreamOrWriter done
Event: 997.452 Loading class java/io/SerialCallbackContext
Event: 997.452 Loading class java/io/SerialCallbackContext done
Event: 997.455 Loading class java/io/ObjectStreamClass$ExceptionInfo
Event: 997.455 Loading class java/io/ObjectStreamClass$ExceptionInfo done
Event: 997.462 Loading class java/io/NotSerializableException
Event: 997.462 Loading class java/io/NotSerializableException done
Event: 997.464 Loading class java/util/Collections$EmptyListIterator
Event: 997.464 Loading class java/util/Collections$EmptyListIterator done
Event: 997.510 Loading class java/net/UrlDeserializedState
Event: 997.510 Loading class java/net/UrlDeserializedState done

Classes unloaded (20 events):
Event: 308.310 Thread 0x000001fdf54b0720 Unloading class 0x000001fd81c79800 'java/lang/invoke/LambdaForm$MH+0x000001fd81c79800'
Event: 308.310 Thread 0x000001fdf54b0720 Unloading class 0x000001fd81c79000 'java/lang/invoke/LambdaForm$MH+0x000001fd81c79000'
Event: 308.310 Thread 0x000001fdf54b0720 Unloading class 0x000001fd81c78800 'java/lang/invoke/LambdaForm$MH+0x000001fd81c78800'
Event: 308.310 Thread 0x000001fdf54b0720 Unloading class 0x000001fd81c78000 'java/lang/invoke/LambdaForm$MH+0x000001fd81c78000'
Event: 308.310 Thread 0x000001fdf54b0720 Unloading class 0x000001fd81c77800 'java/lang/invoke/LambdaForm$MH+0x000001fd81c77800'
Event: 308.310 Thread 0x000001fdf54b0720 Unloading class 0x000001fd81c77400 'java/lang/invoke/LambdaForm$MH+0x000001fd81c77400'
Event: 308.310 Thread 0x000001fdf54b0720 Unloading class 0x000001fd81c76800 'java/lang/invoke/LambdaForm$MH+0x000001fd81c76800'
Event: 308.310 Thread 0x000001fdf54b0720 Unloading class 0x000001fd81c76000 'java/lang/invoke/LambdaForm$MH+0x000001fd81c76000'
Event: 308.310 Thread 0x000001fdf54b0720 Unloading class 0x000001fd81c75800 'java/lang/invoke/LambdaForm$MH+0x000001fd81c75800'
Event: 308.310 Thread 0x000001fdf54b0720 Unloading class 0x000001fd81c75000 'java/lang/invoke/LambdaForm$MH+0x000001fd81c75000'
Event: 308.310 Thread 0x000001fdf54b0720 Unloading class 0x000001fd81c74800 'java/lang/invoke/LambdaForm$MH+0x000001fd81c74800'
Event: 308.310 Thread 0x000001fdf54b0720 Unloading class 0x000001fd81c74000 'java/lang/invoke/LambdaForm$MH+0x000001fd81c74000'
Event: 308.310 Thread 0x000001fdf54b0720 Unloading class 0x000001fd81c73800 'java/lang/invoke/LambdaForm$MH+0x000001fd81c73800'
Event: 308.310 Thread 0x000001fdf54b0720 Unloading class 0x000001fd81c73000 'java/lang/invoke/LambdaForm$MH+0x000001fd81c73000'
Event: 308.310 Thread 0x000001fdf54b0720 Unloading class 0x000001fd81c72800 'java/lang/invoke/LambdaForm$MH+0x000001fd81c72800'
Event: 308.310 Thread 0x000001fdf54b0720 Unloading class 0x000001fd81c72400 'java/lang/invoke/LambdaForm$MH+0x000001fd81c72400'
Event: 308.310 Thread 0x000001fdf54b0720 Unloading class 0x000001fd81c71800 'java/lang/invoke/LambdaForm$MH+0x000001fd81c71800'
Event: 308.310 Thread 0x000001fdf54b0720 Unloading class 0x000001fd81c71000 'java/lang/invoke/LambdaForm$MH+0x000001fd81c71000'
Event: 308.310 Thread 0x000001fdf54b0720 Unloading class 0x000001fd81c70800 'java/lang/invoke/LambdaForm$MH+0x000001fd81c70800'
Event: 308.310 Thread 0x000001fdf54b0720 Unloading class 0x000001fd81c70400 'java/lang/invoke/LambdaForm$DMH+0x000001fd81c70400'

Classes redefined (0 events):
No events

Internal exceptions (20 events):
Event: 996.090 Thread 0x000001fdff530ea0 Exception <a 'sun/nio/fs/WindowsException'{0x000000070bea9368}> (0x000000070bea9368) 
thrown [s\src\hotspot\share\prims\jni.cpp, line 520]
Event: 996.099 Thread 0x000001fdff530ea0 Exception <a 'sun/nio/fs/WindowsException'{0x000000070bd06248}> (0x000000070bd06248) 
thrown [s\src\hotspot\share\prims\jni.cpp, line 520]
Event: 996.112 Thread 0x000001fdff530ea0 Exception <a 'sun/nio/fs/WindowsException'{0x000000070ba143c0}> (0x000000070ba143c0) 
thrown [s\src\hotspot\share\prims\jni.cpp, line 520]
Event: 996.220 Thread 0x000001fdff530ea0 Exception <a 'sun/nio/fs/WindowsException'{0x000000070e4ef2b8}> (0x000000070e4ef2b8) 
thrown [s\src\hotspot\share\prims\jni.cpp, line 520]
Event: 996.523 Thread 0x000001fdc26b7db0 Exception <a 'sun/nio/fs/WindowsException'{0x00000007ff0f13b0}> (0x00000007ff0f13b0) 
thrown [s\src\hotspot\share\prims\jni.cpp, line 520]
Event: 996.572 Thread 0x000001fdc26b7db0 Exception <a 'sun/nio/fs/WindowsException'{0x0000000727cda880}> (0x0000000727cda880) 
thrown [s\src\hotspot\share\prims\jni.cpp, line 520]
Event: 996.576 Thread 0x000001fdc26b7db0 Exception <a 'sun/nio/fs/WindowsException'{0x0000000727d56400}> (0x0000000727d56400) 
thrown [s\src\hotspot\share\prims\jni.cpp, line 520]
Event: 997.422 Thread 0x000001fdff530ea0 Exception <a 'sun/nio/fs/WindowsException'{0x0000000727df4380}> (0x0000000727df4380) 
thrown [s\src\hotspot\share\prims\jni.cpp, line 520]
Event: 997.443 Thread 0x000001fdff530ea0 Exception <a 'java/lang/NoSuchMethodError'{0x00000007189aa3c0}: 'long java.lang.invoke.Invokers$Holder.invokeExact_MT(java.lang.Object, java.lang.Object)'> (0x00000007189aa3c0) 
thrown [s\src\hotspot\share\interpreter\linkResolver.cpp, line 773]
Event: 997.509 Thread 0x000001fdff52edd0 Exception <a 'java/lang/NoSuchMethodError'{0x0000000718548f10}: static Lorg/gradle/tooling/internal/provider/serialization/ClassLoaderDetails;.<clinit>()V> (0x0000000718548f10) 
thrown [s\src\hotspot\share\prims\jni.cpp, line 1111]
Event: 997.509 Thread 0x000001fdff52edd0 Exception <a 'java/lang/NoSuchMethodError'{0x000000071855c780}: static Lorg/gradle/tooling/internal/provider/serialization/WellKnownClassLoaderRegistry$KnownClassLoaderSpec;.<clinit>()V> (0x000000071855c780) 
thrown [s\src\hotspot\share\prims\jni.cpp, line 1111]
Event: 997.509 Thread 0x000001fdff52edd0 Exception <a 'java/lang/NoSuchMethodError'{0x000000071855e2b8}: static Lorg/gradle/internal/classloader/ClassLoaderSpec;.<clinit>()V> (0x000000071855e2b8) 
thrown [s\src\hotspot\share\prims\jni.cpp, line 1111]
Event: 997.510 Thread 0x000001fdff52edd0 Exception <a 'java/lang/NoSuchMethodError'{0x0000000718571b20}: static Lorg/gradle/internal/classloader/ClassLoaderSpec;.<clinit>()V> (0x0000000718571b20) 
thrown [s\src\hotspot\share\prims\jni.cpp, line 1111]
Event: 997.510 Thread 0x000001fdff52edd0 Exception <a 'java/lang/NoSuchMethodError'{0x000000071857e718}: static Lorg/gradle/internal/classloader/VisitableURLClassLoader$Spec;.<clinit>()V> (0x000000071857e718) 
thrown [s\src\hotspot\share\prims\jni.cpp, line 1111]
Event: 1040.161 Thread 0x000001fdff530ea0 Exception <a 'sun/nio/fs/WindowsException'{0x0000000717e0a110}> (0x0000000717e0a110) 
thrown [s\src\hotspot\share\prims\jni.cpp, line 520]
Event: 1040.162 Thread 0x000001fdff530ea0 Exception <a 'sun/nio/fs/WindowsException'{0x0000000717e0b518}> (0x0000000717e0b518) 
thrown [s\src\hotspot\share\prims\jni.cpp, line 520]
Event: 1040.162 Thread 0x000001fdff530ea0 Exception <a 'sun/nio/fs/WindowsException'{0x0000000717e0c910}> (0x0000000717e0c910) 
thrown [s\src\hotspot\share\prims\jni.cpp, line 520]
Event: 1040.162 Thread 0x000001fdff530ea0 Exception <a 'sun/nio/fs/WindowsException'{0x0000000717e0dce8}> (0x0000000717e0dce8) 
thrown [s\src\hotspot\share\prims\jni.cpp, line 520]
Event: 1040.357 Thread 0x000001fdff530ea0 Exception <a 'sun/nio/fs/WindowsException'{0x00000007182332a8}> (0x00000007182332a8) 
thrown [s\src\hotspot\share\prims\jni.cpp, line 520]
Event: 1040.370 Thread 0x000001fdff530ea0 Exception <a 'sun/nio/fs/WindowsException'{0x000000071804f368}> (0x000000071804f368) 
thrown [s\src\hotspot\share\prims\jni.cpp, line 520]

ZGC Phase Switch (0 events):
No events

VM Operations (20 events):
Event: 996.177 Executing VM operation: G1CollectForAllocation (G1 Evacuation Pause)
Event: 996.184 Executing VM operation: G1CollectForAllocation (G1 Evacuation Pause) done
Event: 996.236 Executing VM operation: G1PauseRemark
Event: 996.240 Executing VM operation: G1PauseRemark done
Event: 996.260 Executing VM operation: G1PauseCleanup
Event: 996.260 Executing VM operation: G1PauseCleanup done
Event: 996.458 Executing VM operation: ICBufferFull
Event: 996.458 Executing VM operation: ICBufferFull done
Event: 996.472 Executing VM operation: G1CollectForAllocation (G1 Evacuation Pause)
Event: 996.482 Executing VM operation: G1CollectForAllocation (G1 Evacuation Pause) done
Event: 997.430 Executing VM operation: HandshakeAllThreads (Deoptimize)
Event: 997.431 Executing VM operation: HandshakeAllThreads (Deoptimize) done
Event: 998.434 Executing VM operation: Cleanup
Event: 998.434 Executing VM operation: Cleanup done
Event: 1022.060 Executing VM operation: HandshakeAllThreads (HandshakeForDeflation)
Event: 1022.060 Executing VM operation: HandshakeAllThreads (HandshakeForDeflation) done
Event: 1022.060 Executing VM operation: RendezvousGCThreads
Event: 1022.060 Executing VM operation: RendezvousGCThreads done
Event: 1040.185 Executing VM operation: G1CollectForAllocation (G1 Evacuation Pause)
Event: 1040.189 Executing VM operation: G1CollectForAllocation (G1 Evacuation Pause) done

Memory protections (0 events):
No events

Nmethod flushes (20 events):
Event: 996.239 Thread 0x000001fdf54b0720 flushing  nmethod 0x000001fdde6cfe10
Event: 996.239 Thread 0x000001fdf54b0720 flushing  nmethod 0x000001fdde6d0190
Event: 996.239 Thread 0x000001fdf54b0720 flushing  nmethod 0x000001fdde6d1e10
Event: 996.239 Thread 0x000001fdf54b0720 flushing  nmethod 0x000001fdde6d2790
Event: 996.239 Thread 0x000001fdf54b0720 flushing  nmethod 0x000001fdde6d3310
Event: 996.239 Thread 0x000001fdf54b0720 flushing  nmethod 0x000001fdde6d3e90
Event: 996.239 Thread 0x000001fdf54b0720 flushing  nmethod 0x000001fdde863990
Event: 996.239 Thread 0x000001fdf54b0720 flushing  nmethod 0x000001fdde864b90
Event: 996.239 Thread 0x000001fdf54b0720 flushing  nmethod 0x000001fdde866310
Event: 996.239 Thread 0x000001fdf54b0720 flushing  nmethod 0x000001fdde869010
Event: 996.239 Thread 0x000001fdf54b0720 flushing  nmethod 0x000001fddec12310
Event: 996.239 Thread 0x000001fdf54b0720 flushing  nmethod 0x000001fddee34d10
Event: 996.239 Thread 0x000001fdf54b0720 flushing  nmethod 0x000001fddee3ba90
Event: 996.239 Thread 0x000001fdf54b0720 flushing  nmethod 0x000001fddee43190
Event: 996.239 Thread 0x000001fdf54b0720 flushing  nmethod 0x000001fddf01c390
Event: 996.239 Thread 0x000001fdf54b0720 flushing  nmethod 0x000001fddf257110
Event: 996.239 Thread 0x000001fdf54b0720 flushing  nmethod 0x000001fddf356690
Event: 996.239 Thread 0x000001fdf54b0720 flushing  nmethod 0x000001fddf359490
Event: 996.239 Thread 0x000001fdf54b0720 flushing  nmethod 0x000001fddf35a910
Event: 996.239 Thread 0x000001fdf54b0720 flushing  nmethod 0x000001fddf5c6390

Events (20 events):
Event: 1040.286 Thread 0x000001fdff530ea0 Thread added: 0x000001fdc3afed80
Event: 1040.286 Thread 0x000001fdff530ea0 Thread added: 0x000001fdc3b007c0
Event: 1040.287 Thread 0x000001fdff530ea0 Thread added: 0x000001fdc3afe060
Event: 1040.287 Thread 0x000001fdff530ea0 Thread added: 0x000001fdc3b02200
Event: 1040.287 Thread 0x000001fdff530ea0 Thread added: 0x000001fdc3b00e50
Event: 1040.287 Thread 0x000001fdff530ea0 Thread added: 0x000001fdc3afccb0
Event: 1040.287 Thread 0x000001fdff530ea0 Thread added: 0x000001fdc3afd340
Event: 1040.288 Thread 0x000001fdff530ea0 Thread added: 0x000001fdc3afe6f0
Event: 1040.288 Thread 0x000001fdff530ea0 Thread added: 0x000001fdc3afd9d0
Event: 1040.288 Thread 0x000001fdff530ea0 Thread added: 0x000001fdc3aff410
Event: 1040.288 Thread 0x000001fdff530ea0 Thread added: 0x000001fdc3b01b70
Event: 1040.288 Thread 0x000001fdff530ea0 Thread added: 0x000001fdc3affaa0
Event: 1040.317 Thread 0x000001fdf55bbd10 Thread added: 0x000001fdfe48d2e0
Event: 1040.362 Thread 0x000001fdff530ea0 Thread added: 0x000001fdc3b00130
Event: 1040.363 Thread 0x000001fdff530ea0 Thread added: 0x000001fdc428c940
Event: 1040.363 Thread 0x000001fdc3b00130 Thread exited: 0x000001fdc3b00130
Event: 1040.363 Thread 0x000001fdc428c940 Thread exited: 0x000001fdc428c940
Event: 1040.377 Thread 0x000001fdff530ea0 Thread added: 0x000001fdc428b590
Event: 1040.386 Thread 0x000001fdff530ea0 Thread added: 0x000001fdc428f730
Event: 1040.409 Thread 0x000001fdff530ea0 Thread added: 0x000001fdc428cfd0


Dynamic libraries:
0x00007ff717ff0000 - 0x00007ff717ffe000 	C:\Program Files\Eclipse Adoptium\jdk-21.0.9.10-hotspot\bin\java.exe
0x00007ffa45b10000 - 0x00007ffa45d27000 	C:\Windows\SYSTEM32\ntdll.dll
0x00007ffa44910000 - 0x00007ffa449d4000 	C:\Windows\System32\KERNEL32.DLL
0x00007ffa431c0000 - 0x00007ffa43592000 	C:\Windows\System32\KERNELBASE.dll
0x00007ffa42c00000 - 0x00007ffa42d11000 	C:\Windows\System32\ucrtbase.dll
0x00007ffa24510000 - 0x00007ffa24528000 	C:\Program Files\Eclipse Adoptium\jdk-21.0.9.10-hotspot\bin\jli.dll
0x00007ffa228f0000 - 0x00007ffa2290e000 	C:\Program Files\Eclipse Adoptium\jdk-21.0.9.10-hotspot\bin\VCRUNTIME140.dll
0x00007ffa44cb0000 - 0x00007ffa44e61000 	C:\Windows\System32\USER32.dll
0x00007ffa43050000 - 0x00007ffa43076000 	C:\Windows\System32\win32u.dll
0x00007ffa36020000 - 0x00007ffa362bb000 	C:\Windows\WinSxS\amd64_microsoft.windows.common-controls_6595b64144ccf1df_6.0.22621.5547_none_27104afb73855772\COMCTL32.dll
0x00007ffa45090000 - 0x00007ffa450b9000 	C:\Windows\System32\GDI32.dll
0x00007ffa43a30000 - 0x00007ffa43ad7000 	C:\Windows\System32\msvcrt.dll
0x00007ffa435a0000 - 0x00007ffa436c3000 	C:\Windows\System32\gdi32full.dll
0x00007ffa436d0000 - 0x00007ffa4376a000 	C:\Windows\System32\msvcp_win.dll
0x00007ffa44e70000 - 0x00007ffa44ea1000 	C:\Windows\System32\IMM32.DLL
0x00007ffa37650000 - 0x00007ffa3765c000 	C:\Program Files\Eclipse Adoptium\jdk-21.0.9.10-hotspot\bin\vcruntime140_1.dll
0x00007ff9fd4d0000 - 0x00007ff9fd55d000 	C:\Program Files\Eclipse Adoptium\jdk-21.0.9.10-hotspot\bin\msvcp140.dll
0x00007ff8fd440000 - 0x00007ff8fe1e0000 	C:\Program Files\Eclipse Adoptium\jdk-21.0.9.10-hotspot\bin\server\jvm.dll
0x00007ffa449e0000 - 0x00007ffa44a91000 	C:\Windows\System32\ADVAPI32.dll
0x00007ffa45a20000 - 0x00007ffa45ac8000 	C:\Windows\System32\sechost.dll
0x00007ffa43770000 - 0x00007ffa43798000 	C:\Windows\System32\bcrypt.dll
0x00007ffa44b70000 - 0x00007ffa44c84000 	C:\Windows\System32\RPCRT4.dll
0x00007ffa43940000 - 0x00007ffa439b1000 	C:\Windows\System32\WS2_32.dll
0x00007ffa41a40000 - 0x00007ffa41a8d000 	C:\Windows\SYSTEM32\POWRPROF.dll
0x00007ffa3c750000 - 0x00007ffa3c784000 	C:\Windows\SYSTEM32\WINMM.dll
0x00007ffa39870000 - 0x00007ffa3987a000 	C:\Windows\SYSTEM32\VERSION.dll
0x00007ffa41a20000 - 0x00007ffa41a33000 	C:\Windows\SYSTEM32\UMPDC.dll
0x00007ffa41ce0000 - 0x00007ffa41cf8000 	C:\Windows\SYSTEM32\kernel.appcore.dll
0x00007ffa2b710000 - 0x00007ffa2b71a000 	C:\Program Files\Eclipse Adoptium\jdk-21.0.9.10-hotspot\bin\jimage.dll
0x00007ffa311c0000 - 0x00007ffa313f3000 	C:\Windows\SYSTEM32\DBGHELP.DLL
0x00007ffa441d0000 - 0x00007ffa44563000 	C:\Windows\System32\combase.dll
0x00007ffa44f30000 - 0x00007ffa45007000 	C:\Windows\System32\OLEAUT32.dll
0x00007ffa37690000 - 0x00007ffa376c2000 	C:\Windows\SYSTEM32\dbgcore.DLL
0x00007ffa42d20000 - 0x00007ffa42d9b000 	C:\Windows\System32\bcryptPrimitives.dll
0x00007ffa1bf30000 - 0x00007ffa1bf3f000 	C:\Program Files\Eclipse Adoptium\jdk-21.0.9.10-hotspot\bin\instrument.dll
0x00007ffa1c9b0000 - 0x00007ffa1c9d0000 	C:\Program Files\Eclipse Adoptium\jdk-21.0.9.10-hotspot\bin\java.dll
0x00007ffa450c0000 - 0x00007ffa45962000 	C:\Windows\System32\SHELL32.dll
0x00007ffa42f10000 - 0x00007ffa4304f000 	C:\Windows\System32\wintypes.dll
0x00007ffa40af0000 - 0x00007ffa4140d000 	C:\Windows\SYSTEM32\windows.storage.dll
0x00007ffa440c0000 - 0x00007ffa441cc000 	C:\Windows\System32\SHCORE.dll
0x00007ffa439c0000 - 0x00007ffa43a29000 	C:\Windows\System32\shlwapi.dll
0x00007ffa42b30000 - 0x00007ffa42b5b000 	C:\Windows\SYSTEM32\profapi.dll
0x00007ff9fd3f0000 - 0x00007ff9fd4c7000 	C:\Program Files\Eclipse Adoptium\jdk-21.0.9.10-hotspot\bin\jsvml.dll
0x00007ffa187b0000 - 0x00007ffa187c8000 	C:\Program Files\Eclipse Adoptium\jdk-21.0.9.10-hotspot\bin\zip.dll
0x00007ffa24500000 - 0x00007ffa24510000 	C:\Program Files\Eclipse Adoptium\jdk-21.0.9.10-hotspot\bin\net.dll
0x00007ffa3ef00000 - 0x00007ffa3f02c000 	C:\Windows\SYSTEM32\WINHTTP.dll
0x00007ffa42150000 - 0x00007ffa421b9000 	C:\Windows\system32\mswsock.dll
0x00007ffa1bf40000 - 0x00007ffa1bf56000 	C:\Program Files\Eclipse Adoptium\jdk-21.0.9.10-hotspot\bin\nio.dll
0x00007ffa242d0000 - 0x00007ffa242e0000 	C:\Program Files\Eclipse Adoptium\jdk-21.0.9.10-hotspot\bin\verify.dll
0x00007ffa123b0000 - 0x00007ffa123d7000 	C:\Users\nebur\.gradle\native\1def1411415f61bf3af743bc5b6707747c0891f09f0c88961ee8f79bc544acac\windows-amd64\native-platform.dll
0x00007ff9fd370000 - 0x00007ff9fd3e8000 	C:\Users\nebur\.gradle\native\0.2.7\x86_64-windows-gnu\gradle-fileevents.dll
0x00007ffa22880000 - 0x00007ffa2288a000 	C:\Program Files\Eclipse Adoptium\jdk-21.0.9.10-hotspot\bin\management.dll
0x00007ffa1ffc0000 - 0x00007ffa1ffcc000 	C:\Program Files\Eclipse Adoptium\jdk-21.0.9.10-hotspot\bin\management_ext.dll
0x00007ffa44eb0000 - 0x00007ffa44eb8000 	C:\Windows\System32\PSAPI.DLL
0x00007ffa41720000 - 0x00007ffa4174d000 	C:\Windows\SYSTEM32\IPHLPAPI.DLL
0x00007ffa44aa0000 - 0x00007ffa44aa9000 	C:\Windows\System32\NSI.dll
0x00007ffa1c9a0000 - 0x00007ffa1c9a9000 	C:\Program Files\Eclipse Adoptium\jdk-21.0.9.10-hotspot\bin\extnet.dll
0x00007ffa424a0000 - 0x00007ffa424bb000 	C:\Windows\SYSTEM32\CRYPTSP.dll
0x00007ffa41c40000 - 0x00007ffa41c77000 	C:\Windows\system32\rsaenh.dll
0x00007ffa421f0000 - 0x00007ffa42218000 	C:\Windows\SYSTEM32\USERENV.dll
0x00007ffa42480000 - 0x00007ffa4248c000 	C:\Windows\SYSTEM32\CRYPTBASE.dll
0x00007ffa1bed0000 - 0x00007ffa1bede000 	C:\Program Files\Eclipse Adoptium\jdk-21.0.9.10-hotspot\bin\sunmscapi.dll
0x00007ffa42da0000 - 0x00007ffa42f07000 	C:\Windows\System32\CRYPT32.dll
0x00007ffa425b0000 - 0x00007ffa425dd000 	C:\Windows\SYSTEM32\ncrypt.dll
0x00007ffa42570000 - 0x00007ffa425a7000 	C:\Windows\SYSTEM32\NTASN1.dll
0x00007ffa23db0000 - 0x00007ffa23db8000 	C:\Windows\system32\wshunix.dll
0x00007ffa41df0000 - 0x00007ffa41e24000 	C:\Windows\SYSTEM32\ntmarta.dll

JVMTI agents:
C:\Users\nebur\.gradle\wrapper\dists\gradle-8.14-bin\38aieal9i53h9rfe7vjup95b9\gradle-8.14\lib\agents\gradle-instrumentation-agent-8.14.jar path:C:\Program Files\Eclipse Adoptium\jdk-21.0.9.10-hotspot\bin\instrument.dll, loaded, initialized, instrumentlib options:none

dbghelp: loaded successfully - version: 4.0.5 - missing functions: none
symbol engine: initialized successfully - sym options: 0x614 - pdb path: .;C:\Program Files\Eclipse Adoptium\jdk-21.0.9.10-hotspot\bin;C:\Windows\SYSTEM32;C:\Windows\WinSxS\amd64_microsoft.windows.common-controls_6595b64144ccf1df_6.0.22621.5547_none_27104afb73855772;C:\Program Files\Eclipse Adoptium\jdk-21.0.9.10-hotspot\bin\server;C:\Users\nebur\.gradle\native\1def1411415f61bf3af743bc5b6707747c0891f09f0c88961ee8f79bc544acac\windows-amd64;C:\Users\nebur\.gradle\native\0.2.7\x86_64-windows-gnu

VM Arguments:
jvm_args: --add-opens=java.base/java.lang=ALL-UNNAMED --add-opens=java.base/java.lang.invoke=ALL-UNNAMED --add-opens=java.base/java.util=ALL-UNNAMED --add-opens=java.prefs/java.util.prefs=ALL-UNNAMED --add-exports=jdk.compiler/com.sun.tools.javac.api=ALL-UNNAMED --add-exports=jdk.compiler/com.sun.tools.javac.util=ALL-UNNAMED --add-opens=java.base/java.util=ALL-UNNAMED --add-opens=java.prefs/java.util.prefs=ALL-UNNAMED --add-opens=java.base/java.nio.charset=ALL-UNNAMED --add-opens=java.base/java.net=ALL-UNNAMED --add-opens=java.base/java.util.concurrent.atomic=ALL-UNNAMED --add-opens=java.xml/javax.xml.namespace=ALL-UNNAMED -Xmx4G -Dfile.encoding=UTF-8 -Duser.country=ES -Duser.language=es -Duser.variant -javaagent:C:\Users\nebur\.gradle\wrapper\dists\gradle-8.14-bin\38aieal9i53h9rfe7vjup95b9\gradle-8.14\lib\agents\gradle-instrumentation-agent-8.14.jar 
java_command: org.gradle.launcher.daemon.bootstrap.GradleDaemon 8.14
java_class_path (initial): C:\Users\nebur\.gradle\wrapper\dists\gradle-8.14-bin\38aieal9i53h9rfe7vjup95b9\gradle-8.14\lib\gradle-daemon-main-8.14.jar
Launcher Type: SUN_STANDARD

[Global flags]
     intx CICompilerCount                          = 12                                        {product} {ergonomic}
     uint ConcGCThreads                            = 3                                         {product} {ergonomic}
     uint G1ConcRefinementThreads                  = 13                                        {product} {ergonomic}
   size_t G1HeapRegionSize                         = 2097152                                   {product} {ergonomic}
    uintx GCDrainStackTargetSize                   = 64                                        {product} {ergonomic}
   size_t InitialHeapSize                          = 805306368                                 {product} {ergonomic}
   size_t MarkStackSize                            = 4194304                                   {product} {ergonomic}
   size_t MaxHeapSize                              = 4294967296                                {product} {command line}
   size_t MaxNewSize                               = 2575302656                                {product} {ergonomic}
   size_t MinHeapDeltaBytes                        = 2097152                                   {product} {ergonomic}
   size_t MinHeapSize                              = 8388608                                   {product} {ergonomic}
    uintx NonNMethodCodeHeapSize                   = 7602480                                {pd product} {ergonomic}
    uintx NonProfiledCodeHeapSize                  = 122027880                              {pd product} {ergonomic}
    uintx ProfiledCodeHeapSize                     = 122027880                              {pd product} {ergonomic}
    uintx ReservedCodeCacheSize                    = 251658240                              {pd product} {ergonomic}
     bool SegmentedCodeCache                       = true                                      {product} {ergonomic}
   size_t SoftMaxHeapSize                          = 4294967296                             {manageable} {ergonomic}
     bool UseCompressedOops                        = true                           {product lp64_product} {ergonomic}
     bool UseG1GC                                  = true                                      {product} {ergonomic}
     bool UseLargePagesIndividualAllocation        = false                                  {pd product} {ergonomic}

Logging:
Log output configuration:
 #0: stdout all=warning uptime,level,tags foldmultilines=false
 #1: stderr all=off uptime,level,tags foldmultilines=false

Release file:
IMPLEMENTOR="Eclipse Adoptium" 
IMPLEMENTOR_VERSION="Temurin-21.0.9+10" 
JAVA_RUNTIME_VERSION="21.0.9+10-LTS" 
JAVA_VERSION="21.0.9" 
JAVA_VERSION_DATE="2025-10-21" 
LIBC="default" 
MODULES="java.base java.compiler java.datatransfer java.xml java.prefs java.desktop java.instrument java.logging java.management java.security.sasl java.naming java.rmi java.management.rmi java.net.http java.scripting java.security.jgss java.transaction.xa java.sql java.sql.rowset java.xml.crypto java.se java.smartcardio jdk.accessibility jdk.internal.jvmstat jdk.attach jdk.charsets jdk.internal.opt jdk.zipfs jdk.compiler jdk.crypto.ec jdk.crypto.cryptoki jdk.crypto.mscapi jdk.dynalink jdk.internal.ed jdk.editpad jdk.hotspot.agent jdk.httpserver jdk.incubator.vector jdk.internal.le jdk.internal.vm.ci jdk.internal.vm.compiler jdk.internal.vm.compiler.management jdk.jartool jdk.javadoc jdk.jcmd jdk.management jdk.management.agent jdk.jconsole jdk.jdeps jdk.jdwp.agent jdk.jdi jdk.jfr jdk.jlink jdk.jpackage jdk.jshell jdk.jsobject jdk.jstatd jdk.localedata jdk.management.jfr jdk.naming.dns jdk.naming.rmi jdk.net jdk.nio.mapmode jdk.random jdk.sctp jdk.security.auth jdk.security.jgss jdk.unsupported jdk.unsupported.desktop jdk.xml.dom" 
OS_ARCH="x86_64" 
OS_NAME="Windows" 
SOURCE=".:git:759062135b07" 
BUILD_SOURCE="git:839fa0b45d809157cffd3dc8515aad262a4a1776"
BUILD_SOURCE_REPO="https://github.com/adoptium/temurin-build.git"
SOURCE_REPO="https://github.com/adoptium/jdk21u.git"
FULL_VERSION="21.0.9+10-LTS"
SEMANTIC_VERSION="21.0.9+10"
BUILD_INFO="OS: Windows Server 2022 Version: 10.0"
JVM_VARIANT="Hotspot"
JVM_VERSION="21.0.9+10-LTS"
IMAGE_TYPE="JDK"

Environment Variables:
JAVA_HOME=C:\Program Files\Eclipse Adoptium\jdk-21.0.9.10-hotspot\
PATH=C:\Program Files\Git\mingw64\bin;C:\Program Files\Git\usr\bin;C:\Users\nebur\bin;C:\Users\nebur\.cargo\bin;C:\Users\nebur\bin;C:\Program Files\Git\mingw64\bin;C:\Program Files\Git\usr\local\bin;C:\Program Files\Git\usr\bin;C:\Program Files\Git\usr\bin;C:\Program Files\Git\mingw64\bin;C:\Program Files\Git\usr\bin;C:\Users\nebur\bin;C:\tools\ruby34\bin;C:\Program Files (x86)\Common Files\Oracle\Java\javapath;C:\Program Files\Eclipse Adoptium\jdk-21.0.9.10-hotspot\bin;C:\Program Files\Eclipse Adoptium\jdk-17.0.16.8-hotspot\bin;C:\Windows\system32;C:\Windows;C:\Windows\System32\Wbem;C:\Windows\System32\WindowsPowerShell\v1.0;C:\Windows\System32\OpenSSH;C:\Program Files\wooting-analog-sdk;C:\ProgramData\chocolatey\bin;C:\Program Files\NVIDIA Corporation\NVIDIA App\NvDLISR;C:\Program Files (x86)\NVIDIA Corporation\PhysX\Common;C:\Program Files\Docker\Docker\resources\bin;C:\Program Files\nodejs;C:\Program Files\Git\cmd;C:\Program Files\dotnet;C:\Program Files\Autofirma\Autofirma;C:\Program Files\GitHub CLI;C:\Program Files\CMake\bin;C:\Program Files (x86)\Windows Kits\10\Windows Performance Toolkit;C:\Program Files\playit_gg\bin;C:\Program Files (x86)\Google\Cloud SDK\google-cloud-sdk\bin;C:\Users\nebur\AppData\Local\Programs\gog;C:\Users\nebur\AppData\Local\Programs\obsidian-cli;C:\Program Files\Cloudflare\Cloudflare WARP;C:\Users\nebur\AppData\Local\Programs\Jan;C:\Users\nebur\.cargo\bin;C:\Users\nebur\.local\bin;C:\Users\nebur\.bun\bin;C:\Users\nebur\AppData\Local\Programs\Python\Python311;C:\Users\nebur\AppData\Local\Programs\Python\Python311\Scripts;C:\Users\nebur\AppData\Local\Programs\Python\Python312;C:\Users\nebur\AppData\Local\Programs\Python\Python312\Scripts;C:\Users\nebur\AppData\Local\Programs\Windsurf\bin;C:\Users\nebur\AppData\Local\Android\Sdk\platform-tools;C:\Users\nebur\AppData\Roaming\npm;C:\Users\nebur\AppData\Roaming\Python\Python311\Scripts;C:\Program Files\WinRAR;C:\Users\nebur\AppData\Local\Pandoc;C:\Users\nebur\.lmstudio\bin;C:\Users\nebur\AppData\Local\GitHubDesktop\bin;C:\Program Files\Git\usr\bin\vendor_perl;C:\Program Files\Git\usr\bin\core_perl
USERNAME=nebur
SHELL=C:\Program Files\Git\usr\bin\bash.exe
DISPLAY=needs-to-be-defined
LANG=es_ES.UTF-8
TERM=xterm-256color
TMPDIR=C:\Users\nebur\AppData\Local\Temp
OS=Windows_NT
PROCESSOR_IDENTIFIER=AMD64 Family 25 Model 33 Stepping 0, AuthenticAMD
TMP=C:\Users\nebur\AppData\Local\Temp
TEMP=C:\Users\nebur\AppData\Local\Temp




Periodic native trim disabled

---------------  S Y S T E M  ---------------

OS:
 Windows 11 , 64 bit Build 22621 (10.0.22621.5415)
OS uptime: 0 days 10:02 hours
Hyper-V role detected

CPU: total 16 (initial active 16) (16 cores per cpu, 2 threads per core) family 25 model 33 stepping 0 microcode 0x0, cx8, cmov, fxsr, ht, mmx, 3dnowpref, sse, sse2, sse3, ssse3, sse4a, sse4.1, sse4.2, popcnt, lzcnt, tsc, tscinvbit, avx, avx2, aes, erms, clmul, bmi1, bmi2, adx, sha, fma, vzeroupper, clflush, clflushopt, hv, rdtscp, rdpid, fsrm, f16c, cet_ss
Processor Information for the first 16 processors :
  Max Mhz: 3801, Current Mhz: 3801, Mhz Limit: 3801

Memory: 4k page, system-wide physical 49069M (1023M free)
TotalPageFile size 128165M (AvailPageFile size 619M)
current process WorkingSet (physical memory assigned to process): 562M, peak: 586M
current process commit charge ("private bytes"): 616M, peak: 998M

vm_info: OpenJDK 64-Bit Server VM (21.0.9+10-LTS) for windows-amd64 JRE (21.0.9+10-LTS), built on 2025-10-21T00:00:00Z by "admin" with unknown MS VC++:1942

END.
